 gamex86

 Timestamp is 5c046075 (Sun Dec 02 17:45:09 2018)

 Preferred load address is 20000000

 Start         Length     Name                   Class
 0001:00000000 000ae445H .text$mn                CODE
 0001:000ae450 00000139H .text$x                 CODE
 0002:00000000 00000160H .idata$5                DATA
 0002:00000160 00000004H .CRT$XCA                DATA
 0002:00000164 00000004H .CRT$XCZ                DATA
 0002:00000168 00000004H .CRT$XIA                DATA
 0002:0000016c 00000014H .CRT$XIC                DATA
 0002:00000180 00000004H .CRT$XIZ                DATA
 0002:00000184 00000004H .CRT$XPA                DATA
 0002:00000188 00000008H .CRT$XPX                DATA
 0002:00000190 00000004H .CRT$XPXA               DATA
 0002:00000194 00000004H .CRT$XPZ                DATA
 0002:00000198 00000004H .CRT$XTA                DATA
 0002:0000019c 00000004H .CRT$XTZ                DATA
 0002:000001a0 00018c38H .rdata                  DATA
 0002:00018dd8 00000074H .rdata$debug            DATA
 0002:00018e4c 00000388H .rdata$r                DATA
 0002:000191e0 00000030H .rdata$sxdata           DATA
 0002:00019210 00000004H .rtc$IAA                DATA
 0002:00019214 00000004H .rtc$IZZ                DATA
 0002:00019218 00000004H .rtc$TAA                DATA
 0002:0001921c 00000004H .rtc$TZZ                DATA
 0002:00019220 00000d08H .xdata$x                DATA
 0002:00019f30 00000049H .edata                  DATA
 0002:00019f7c 00000014H .idata$2                DATA
 0002:00019f90 00000014H .idata$3                DATA
 0002:00019fa4 00000160H .idata$4                DATA
 0002:0001a104 0000065eH .idata$6                DATA
 0003:00000000 00012400H .data                   DATA
 0003:00012400 0000014fH .data$r                 DATA
 0003:00012560 0000da4cH .bss                    DATA
 0004:00000000 00000058H .rsrc$01                DATA
 0004:00000060 00000180H .rsrc$02                DATA

  Address         Publics by Value              Rva+Base       Lib:Object

 0000:00000000       ___guard_fids_table        00000000     <absolute>
 0000:00000000       ___guard_flags             00000000     <absolute>
 0000:00000000       ___guard_fids_count        00000000     <absolute>
 0000:00000000       __except_list              00000000     <absolute>
 0000:0000000c       ___safe_se_handler_count   0000000c     <absolute>
 0000:00000000       ___ImageBase               20000000     <linker-defined>
 0001:00000000       _AI_SetSightClient         20001000 f   g_ai.obj
 0001:000000c0       _FacingIdeal               200010c0 f   g_ai.obj
 0001:00000130       _FindTarget                20001130 f   g_ai.obj
 0001:00000660       _FoundTarget               20001660 f   g_ai.obj
 0001:00000860       _HuntTarget                20001860 f   g_ai.obj
 0001:000009b0       _M_CheckAttack             200019b0 f   g_ai.obj
 0001:00000d50       _ai_charge                 20001d50 f   g_ai.obj
 0001:00000e80       _ai_checkattack            20001e80 f   g_ai.obj
 0001:00001360       _ai_move                   20002360 f   g_ai.obj
 0001:000013a0       _ai_run                    200023a0 f   g_ai.obj
 0001:00002380       _ai_run_melee              20003380 f   g_ai.obj
 0001:000023e0       _ai_run_missile            200033e0 f   g_ai.obj
 0001:00002440       _ai_run_slide              20003440 f   g_ai.obj
 0001:00002510       _ai_stand                  20003510 f   g_ai.obj
 0001:00002810       _ai_turn                   20003810 f   g_ai.obj
 0001:00002880       _ai_walk                   20003880 f   g_ai.obj
 0001:00002990       _infront                   20003990 f   g_ai.obj
 0001:00002af0       _range                     20003af0 f   g_ai.obj
 0001:00002c00       _visible                   20003c00 f   g_ai.obj
 0001:00002d60       _ChaseNext                 20003d60 f   g_chase.obj
 0001:00002e20       _ChasePrev                 20003e20 f   g_chase.obj
 0001:00002ee0       _GetChaseTarget            20003ee0 f   g_chase.obj
 0001:00002f80       _UpdateChaseCam            20003f80 f   g_chase.obj
 0001:00003790       _ClientCommand             20004790 f   g_cmds.obj
 0001:00003bf0       _ClientTeam                20004bf0 f   g_cmds.obj
 0001:00003cb0       _Cmd_Drop_f                20004cb0 f   g_cmds.obj
 0001:00003d70       _Cmd_Give_f                20004d70 f   g_cmds.obj
 0001:00004260       _Cmd_God_f                 20005260 f   g_cmds.obj
 0001:00004300       _Cmd_InvDrop_f             20005300 f   g_cmds.obj
 0001:00004390       _Cmd_InvUse_f              20005390 f   g_cmds.obj
 0001:00004420       _Cmd_Inven_f               20005420 f   g_cmds.obj
 0001:000044d0       _Cmd_Kill_f                200054d0 f   g_cmds.obj
 0001:00004550       _Cmd_Noclip_f              20005550 f   g_cmds.obj
 0001:000045f0       _Cmd_Notarget_f            200055f0 f   g_cmds.obj
 0001:00004690       _Cmd_PlayerList_f          20005690 f   g_cmds.obj
 0001:000048a0       _Cmd_Players_f             200058a0 f   g_cmds.obj
 0001:00004a50       _Cmd_PutAway_f             20005a50 f   g_cmds.obj
 0001:00004a90       _Cmd_Say_f                 20005a90 f   g_cmds.obj
 0001:00004e50       _Cmd_Use_f                 20005e50 f   g_cmds.obj
 0001:00004f10       _Cmd_Wave_f                20005f10 f   g_cmds.obj
 0001:00005090       _Cmd_WeapLast_f            20006090 f   g_cmds.obj
 0001:00005130       _Cmd_WeapNext_f            20006130 f   g_cmds.obj
 0001:00005210       _Cmd_WeapPrev_f            20006210 f   g_cmds.obj
 0001:000052f0       _OnSameTeam                200062f0 f   g_cmds.obj
 0001:00005390       _PlayerSort                20006390 f   g_cmds.obj
 0001:00005410       _SelectNextItem            20006410 f   g_cmds.obj
 0001:000054e0       _SelectPrevItem            200064e0 f   g_cmds.obj
 0001:000055b0       _ValidateSelectedItem      200065b0 f   g_cmds.obj
 0001:000055f0       _CanDamage                 200065f0 f   g_combat.obj
 0001:00005fd0       _CheckTeamDamage           20006fd0 f   g_combat.obj
 0001:00005ff0       _Killed                    20006ff0 f   g_combat.obj
 0001:00006170       _M_ReactToDamage           20007170 f   g_combat.obj
 0001:00006480       _SpawnDamage               20007480 f   g_combat.obj
 0001:000064f0       _T_Damage                  200074f0 f   g_combat.obj
 0001:00006c30       _T_RadiusDamage            20007c30 f   g_combat.obj
 0001:00006f50       _AngleMove_Begin           20007f50 f   g_func.obj
 0001:000071a0       _AngleMove_Calc            200081a0 f   g_func.obj
 0001:00007280       _AngleMove_Done            20008280 f   g_func.obj
 0001:00007300       _AngleMove_Final           20008300 f   g_func.obj
 0001:000074f0       _Move_Begin                200084f0 f   g_func.obj
 0001:00007610       _Move_Calc                 20008610 f   g_func.obj
 0001:00007830       _Move_Done                 20008830 f   g_func.obj
 0001:000078b0       _Move_Final                200088b0 f   g_func.obj
 0001:00007950       _SP_func_button            20008950 f   g_func.obj
 0001:00007eb0       _SP_func_conveyor          20008eb0 f   g_func.obj
 0001:00007f60       _SP_func_door              20008f60 f   g_func.obj
 0001:00008740       _SP_func_door_rotating     20009740 f   g_func.obj
 0001:00009010       _SP_func_door_secret       2000a010 f   g_func.obj
 0001:000094d0       _SP_func_killbox           2000a4d0 f   g_func.obj
 0001:00009520       _SP_func_plat              2000a520 f   g_func.obj
 0001:00009b00       _SP_func_rotating          2000ab00 f   g_func.obj
 0001:00009db0       _SP_func_timer             2000adb0 f   g_func.obj
 0001:00009f20       _SP_func_train             2000af20 f   g_func.obj
 0001:0000a0f0       _SP_func_water             2000b0f0 f   g_func.obj
 0001:0000a750       _SP_trigger_elevator       2000b750 f   g_func.obj
 0001:0000a790       _Think_AccelMove           2000b790 f   g_func.obj
 0001:0000a880       _Think_CalcMoveSpeed       2000b880 f   g_func.obj
 0001:0000aa40       _Think_SpawnDoorTrigger    2000ba40 f   g_func.obj
 0001:0000ad30       _Touch_DoorTrigger         2000bd30 f   g_func.obj
 0001:0000ade0       _Touch_Plat_Center         2000bde0 f   g_func.obj
 0001:0000ae60       _Use_Plat                  2000be60 f   g_func.obj
 0001:0000ae90       _button_done               2000be90 f   g_func.obj
 0001:0000aee0       _button_fire               2000bee0 f   g_func.obj
 0001:0000afa0       _button_killed             2000bfa0 f   g_func.obj
 0001:0000aff0       _button_return             2000bff0 f   g_func.obj
 0001:0000b050       _button_touch              2000c050 f   g_func.obj
 0001:0000b0a0       _button_use                2000c0a0 f   g_func.obj
 0001:0000b0d0       _button_wait               2000c0d0 f   g_func.obj
 0001:0000b170       _door_blocked              2000c170 f   g_func.obj
 0001:0000b2b0       _door_go_down              2000c2b0 f   g_func.obj
 0001:0000b3d0       _door_go_up                2000c3d0 f   g_func.obj
 0001:0000b540       _door_hit_bottom           2000c540 f   g_func.obj
 0001:0000b5e0       _door_hit_top              2000c5e0 f   g_func.obj
 0001:0000b6c0       _door_killed               2000c6c0 f   g_func.obj
 0001:0000b730       _door_secret_blocked       2000c730 f   g_func.obj
 0001:0000b810       _door_secret_die           2000c810 f   g_func.obj
 0001:0000b850       _door_secret_done          2000c850 f   g_func.obj
 0001:0000b8b0       _door_secret_move1         2000c8b0 f   g_func.obj
 0001:0000b8f0       _door_secret_move2         2000c8f0 f   g_func.obj
 0001:0000b920       _door_secret_move3         2000c920 f   g_func.obj
 0001:0000b980       _door_secret_move4         2000c980 f   g_func.obj
 0001:0000b9b0       _door_secret_move5         2000c9b0 f   g_func.obj
 0001:0000b9f0       _door_secret_move6         2000c9f0 f   g_func.obj
 0001:0000ba20       _door_secret_use           2000ca20 f   g_func.obj
 0001:0000ba80       _door_touch                2000ca80 f   g_func.obj
 0001:0000bb40       _door_use                  2000cb40 f   g_func.obj
 0001:0000bc20       _door_use_areaportals      2000cc20 f   g_func.obj
 0001:0000bca0       _func_conveyor_use         2000cca0 f   g_func.obj
 0001:0000bd30       _func_timer_think          2000cd30 f   g_func.obj
 0001:0000bdd0       _func_timer_use            2000cdd0 f   g_func.obj
 0001:0000be60       _func_train_find           2000ce60 f   g_func.obj
 0001:0000c000       _plat_Accelerate           2000d000 f   g_func.obj
 0001:0000c2a0       _plat_CalcAcceleratedMove  2000d2a0 f   g_func.obj
 0001:0000c430       _plat_blocked              2000d430 f   g_func.obj
 0001:0000c510       _plat_go_down              2000d510 f   g_func.obj
 0001:0000c5c0       _plat_go_up                2000d5c0 f   g_func.obj
 0001:0000c670       _plat_hit_bottom           2000d670 f   g_func.obj
 0001:0000c700       _plat_hit_top              2000d700 f   g_func.obj
 0001:0000c7b0       _plat_spawn_inside_trigger 2000d7b0 f   g_func.obj
 0001:0000cb60       _rotating_blocked          2000db60 f   g_func.obj
 0001:0000cbb0       _rotating_touch            2000dbb0 f   g_func.obj
 0001:0000cc60       _rotating_use              2000dc60 f   g_func.obj
 0001:0000cd50       _train_blocked             2000dd50 f   g_func.obj
 0001:0000ce40       _train_next                2000de40 f   g_func.obj
 0001:0000d250       _train_resume              2000e250 f   g_func.obj
 0001:0000d410       _train_use                 2000e410 f   g_func.obj
 0001:0000d500       _train_wait                2000e500 f   g_func.obj
 0001:0000d6f0       _trigger_elevator_init     2000e6f0 f   g_func.obj
 0001:0000d7c0       _trigger_elevator_use      2000e7c0 f   g_func.obj
 0001:0000d870       _use_killbox               2000e870 f   g_func.obj
 0001:0000d890       _Use_Quad                  2000e890 f   g_items.obj
 0001:0000d9b0       _Pickup_Powerup            2000e9b0 f   g_items.obj
 0001:0000db90       _Drop_General              2000eb90 f   g_items.obj
 0001:0000dc00       _Pickup_Adrenaline         2000ec00 f   g_items.obj
 0001:0000dcb0       _Pickup_AncientHead        2000ecb0 f   g_items.obj
 0001:0000dd30       _Pickup_Bandolier          2000ed30 f   g_items.obj
 0001:0000df30       _Pickup_Pack               2000ef30 f   g_items.obj
 0001:0000e390       _Use_Breather              2000f390 f   g_items.obj
 0001:0000e450       _Use_Envirosuit            2000f450 f   g_items.obj
 0001:0000e510       _Use_Invulnerability       2000f510 f   g_items.obj
 0001:0000e610       _Use_Silencer              2000f610 f   g_items.obj
 0001:0000e690       _Pickup_Key                2000f690 f   g_items.obj
 0001:0000e820       _Pickup_Ammo               2000f820 f   g_items.obj
 0001:0000e990       _Drop_Ammo                 2000f990 f   g_items.obj
 0001:0000eab0       _Pickup_Health             2000fab0 f   g_items.obj
 0001:0000ec00       _Pickup_Armor              2000fc00 f   g_items.obj
 0001:0000ee50       _Use_PowerArmor            2000fe50 f   g_items.obj
 0001:0000ef80       _Pickup_PowerArmor         2000ff80 f   g_items.obj
 0001:0000f080       _Drop_PowerArmor           20010080 f   g_items.obj
 0001:0000f0f0       _Add_Ammo                  200100f0 f   g_items.obj
 0001:0000f230       _ArmorIndex                20010230 f   g_items.obj
 0001:0000f2b0       _DoRespawn                 200102b0 f   g_items.obj
 0001:0000f380       _Drop_Item                 20010380 f   g_items.obj
 0001:0000f6f0       _FindItem                  200106f0 f   g_items.obj
 0001:0000f760       _FindItemByClassname       20010760 f   g_items.obj
 0001:0000f7d0       _GetItemByIndex            200107d0 f   g_items.obj
 0001:0000f800       _InitItems                 20010800 f   g_items.obj
 0001:0000f820       _MegaHealth_think          20010820 f   g_items.obj
 0001:0000f8e0       _PowerArmorType            200108e0 f   g_items.obj
 0001:0000f950       _PrecacheItem              20010950 f   g_items.obj
 0001:0000fba0       _SP_item_health            20010ba0 f   g_items.obj
 0001:0000fc30       _SP_item_health_large      20010c30 f   g_items.obj
 0001:0000fcc0       _SP_item_health_mega       20010cc0 f   g_items.obj
 0001:0000fd60       _SP_item_health_small      20010d60 f   g_items.obj
 0001:0000fe00       _SetItemNames              20010e00 f   g_items.obj
 0001:0000fef0       _SetRespawn                20010ef0 f   g_items.obj
 0001:0000ff70       _SpawnItem                 20010f70 f   g_items.obj
 0001:000101f0       _Touch_Item                200111f0 f   g_items.obj
 0001:000105b0       _Use_Item                  200115b0 f   g_items.obj
 0001:000106e0       _droptofloor               200116e0 f   g_items.obj
 0001:00010b70       _CheckDMRules              20011b70 f   g_main.obj
 0001:00010cb0       _CheckNeedPass             20011cb0 f   g_main.obj
 0001:00010d80       _ClientEndServerFrames     20011d80 f   g_main.obj
 0001:00010df0       _Com_Printf                20011df0 f   g_main.obj
 0001:00010e50       _CreateTargetChangeLevel   20011e50 f   g_main.obj
 0001:00010ea0       _EndDMLevel                20011ea0 f   g_main.obj
 0001:00011050       _ExitLevel                 20012050 f   g_main.obj
 0001:00011150       _G_RunFrame                20012150 f   g_main.obj
 0001:000112f0       _GetGameAPI                200122f0 f   g_main.obj
 0001:000113c0       _ShutdownGame              200123c0 f   g_main.obj
 0001:00011400       _Sys_Error                 20012400 f   g_main.obj
 0001:00011470       _BecomeExplosion1          20012470 f   g_misc.obj
 0001:000114d0       _BecomeExplosion2          200124d0 f   g_misc.obj
 0001:00011530       _ClipGibVelocity           20012530 f   g_misc.obj
 0001:000116a0       _SP_func_areaportal        200126a0 f   g_misc.obj
 0001:000116d0       _SP_func_clock             200126d0 f   g_misc.obj
 0001:00011810       _SP_func_explosive         20012810 f   g_misc.obj
 0001:00011980       _SP_func_object            20012980 f   g_misc.obj
 0001:00011bd0       _SP_func_wall              20012bd0 f   g_misc.obj
 0001:00011d30       _SP_info_notnull           20012d30 f   g_misc.obj
 0001:00011e10       _SP_info_null              20012e10 f   g_misc.obj
 0001:00011e30       _SP_light                  20012e30 f   g_misc.obj
 0001:00011ee0       _SP_light_mine1            20012ee0 f   g_misc.obj
 0001:00011f30       _SP_light_mine2            20012f30 f   g_misc.obj
 0001:00011f80       _SP_misc_banner            20012f80 f   g_misc.obj
 0001:00012010       _SP_misc_bigviper          20013010 f   g_misc.obj
 0001:00012110       _SP_misc_blackhole         20013110 f   g_misc.obj
 0001:00012250       _SP_misc_deadsoldier       20013250 f   g_misc.obj
 0001:00012450       _SP_misc_easterchick       20013450 f   g_misc.obj
 0001:00012580       _SP_misc_easterchick2      20013580 f   g_misc.obj
 0001:000126b0       _SP_misc_eastertank        200136b0 f   g_misc.obj
 0001:000127e0       _SP_misc_explobox          200137e0 f   g_misc.obj
 0001:000129e0       _SP_misc_gib_arm           200139e0 f   g_misc.obj
 0001:00012b40       _SP_misc_gib_head          20013b40 f   g_misc.obj
 0001:00012ca0       _SP_misc_gib_leg           20013ca0 f   g_misc.obj
 0001:00012e00       _SP_misc_satellite_dish    20013e00 f   g_misc.obj
 0001:00012f00       _SP_misc_strogg_ship       20013f00 f   g_misc.obj
 0001:000130f0       _SP_misc_teleporter        200140f0 f   g_misc.obj
 0001:00013370       _SP_misc_teleporter_dest   20014370 f   g_misc.obj
 0001:00013460       _SP_misc_viper             20014460 f   g_misc.obj
 0001:00013640       _SP_misc_viper_bomb        20014640 f   g_misc.obj
 0001:00013770       _SP_monster_commander_body 20014770 f   g_misc.obj
 0001:00013900       _SP_path_corner            20014900 f   g_misc.obj
 0001:00013a30       _SP_point_combat           20014a30 f   g_misc.obj
 0001:00013b50       _SP_target_character       20014b50 f   g_misc.obj
 0001:00013bb0       _SP_target_string          20014bb0 f   g_misc.obj
 0001:00013bf0       _SP_viewthing              20014bf0 f   g_misc.obj
 0001:00013d30       _TH_viewthing              20014d30 f   g_misc.obj
 0001:00013d80       _ThrowClientHead           20014d80 f   g_misc.obj
 0001:00014030       _ThrowDebris               20015030 f   g_misc.obj
 0001:00014310       _ThrowGib                  20015310 f   g_misc.obj
 0001:00014720       _ThrowHead                 20015720 f   g_misc.obj
 0001:000149e0       _Use_Areaportal            200159e0 f   g_misc.obj
 0001:00014a30       _VelocityForDamage         20015a30 f   g_misc.obj
 0001:00014b50       _barrel_delay              20015b50 f   g_misc.obj
 0001:00014bb0       _barrel_explode            20015bb0 f   g_misc.obj
 0001:00015ec0       _barrel_touch              20016ec0 f   g_misc.obj
 0001:00016000       _commander_body_drop       20017000 f   g_misc.obj
 0001:00016050       _commander_body_think      20017050 f   g_misc.obj
 0001:00016100       _commander_body_use        20017100 f   g_misc.obj
 0001:00016190       _debris_die                20017190 f   g_misc.obj
 0001:000163e0       _func_clock_think          200173e0 f   g_misc.obj
 0001:00016690       _func_clock_use            20017690 f   g_misc.obj
 0001:000166f0       _func_explosive_explode    200176f0 f   g_misc.obj
 0001:00016d00       _func_explosive_spawn      20017d00 f   g_misc.obj
 0001:00016d60       _func_explosive_use        20017d60 f   g_misc.obj
 0001:00016da0       _func_object_release       20017da0 f   g_misc.obj
 0001:00016dd0       _func_object_touch         20017dd0 f   g_misc.obj
 0001:00016e50       _func_object_use           20017e50 f   g_misc.obj
 0001:00016eb0       _func_wall_use             20017eb0 f   g_misc.obj
 0001:00016f50       _gib_die                   20017f50 f   g_misc.obj
 0001:00016f70       _gib_think                 20017f70 f   g_misc.obj
 0001:00017010       _gib_touch                 20018010 f   g_misc.obj
 0001:000171e0       _misc_banner_think         200181e0 f   g_misc.obj
 0001:00017230       _misc_blackhole_think      20018230 f   g_misc.obj
 0001:000172b0       _misc_blackhole_use        200182b0 f   g_misc.obj
 0001:000172d0       _misc_deadsoldier_die      200182d0 f   g_misc.obj
 0001:00017390       _misc_easterchick2_think   20018390 f   g_misc.obj
 0001:00017410       _misc_easterchick_think    20018410 f   g_misc.obj
 0001:00017490       _misc_eastertank_think     20018490 f   g_misc.obj
 0001:00017510       _misc_satellite_dish_think 20018510 f   g_misc.obj
 0001:00017560       _misc_satellite_dish_use   20018560 f   g_misc.obj
 0001:000175b0       _misc_strogg_ship_use      200185b0 f   g_misc.obj
 0001:00017600       _misc_viper_bomb_prethink  20018600 f   g_misc.obj
 0001:000176f0       _misc_viper_bomb_touch     200186f0 f   g_misc.obj
 0001:00017790       _misc_viper_bomb_use       20018790 f   g_misc.obj
 0001:000178e0       _misc_viper_use            200188e0 f   g_misc.obj
 0001:00017930       _path_corner_touch         20018930 f   g_misc.obj
 0001:00017c80       _point_combat_touch        20018c80 f   g_misc.obj
 0001:00017ed0       _target_string_use         20018ed0 f   g_misc.obj
 0001:00017fc0       _teleporter_touch          20018fc0 f   g_misc.obj
 0001:00018320       _AttackFinished            20019320 f   g_monster.obj
 0001:00018350       _M_CatagorizePosition      20019350 f   g_monster.obj
 0001:000184d0       _M_CheckGround             200194d0 f   g_monster.obj
 0001:00018750       _M_FlyCheck                20019750 f   g_monster.obj
 0001:000187f0       _M_MoveFrame               200197f0 f   g_monster.obj
 0001:000189f0       _M_SetEffects              200199f0 f   g_monster.obj
 0001:00018ad0       _M_WorldEffects            20019ad0 f   g_monster.obj
 0001:000190b0       _M_droptofloor             2001a0b0 f   g_monster.obj
 0001:00019250       _flymonster_start          2001a250 f   g_monster.obj
 0001:00019290       _flymonster_start_go       2001a290 f   g_monster.obj
 0001:00019360       _monster_death_use         2001a360 f   g_monster.obj
 0001:00019410       _monster_fire_bfg          2001a410 f   g_monster.obj
 0001:00019490       _monster_fire_blaster      2001a490 f   g_monster.obj
 0001:00019510       _monster_fire_bullet       2001a510 f   g_monster.obj
 0001:00019590       _monster_fire_grenade      2001a590 f   g_monster.obj
 0001:00019620       _monster_fire_railgun      2001a620 f   g_monster.obj
 0001:00019690       _monster_fire_rocket       2001a690 f   g_monster.obj
 0001:00019720       _monster_fire_shotgun      2001a720 f   g_monster.obj
 0001:000197a0       _monster_start             2001a7a0 f   g_monster.obj
 0001:00019a20       _monster_start_go          2001aa20 f   g_monster.obj
 0001:00019e90       _monster_think             2001ae90 f   g_monster.obj
 0001:00019f00       _monster_triggered_spawn   2001af00 f   g_monster.obj
 0001:00019ff0       _monster_triggered_spawn_use 2001aff0 f   g_monster.obj
 0001:0001a050       _monster_triggered_start   2001b050 f   g_monster.obj
 0001:0001a0b0       _monster_use               2001b0b0 f   g_monster.obj
 0001:0001a120       _swimmonster_start         2001b120 f   g_monster.obj
 0001:0001a160       _swimmonster_start_go      2001b160 f   g_monster.obj
 0001:0001a1d0       _walkmonster_start         2001b1d0 f   g_monster.obj
 0001:0001a200       _walkmonster_start_go      2001b200 f   g_monster.obj
 0001:0001a300       _ClipVelocity              2001b300 f   g_phys.obj
 0001:0001a460       _G_RunEntity               2001b460 f   g_phys.obj
 0001:0001a530       _SV_AddGravity             2001b530 f   g_phys.obj
 0001:0001a590       _SV_AddRotationalFriction  2001b590 f   g_phys.obj
 0001:0001a6c0       _SV_CheckVelocity          2001b6c0 f   g_phys.obj
 0001:0001a770       _SV_FlyMove                2001b770 f   g_phys.obj
 0001:0001b020       _SV_Impact                 2001c020 f   g_phys.obj
 0001:0001b0b0       _SV_Physics_Noclip         2001c0b0 f   g_phys.obj
 0001:0001b140       _SV_Physics_None           2001c140 f   g_phys.obj
 0001:0001b160       _SV_Physics_Pusher         2001c160 f   g_phys.obj
 0001:0001b3c0       _SV_Physics_Step           2001c3c0 f   g_phys.obj
 0001:0001ba00       _SV_Physics_Toss           2001ca00 f   g_phys.obj
 0001:0001bed0       _SV_Push                   2001ced0 f   g_phys.obj
 0001:0001cbd0       _SV_PushEntity             2001dbd0 f   g_phys.obj
 0001:0001ce60       _SV_RunThink               2001de60 f   g_phys.obj
 0001:0001cf00       _SV_TestEntityPosition     2001df00 f   g_phys.obj
 0001:0001cfa0       _InitGame                  2001dfa0 f   g_save.obj
 0001:0001d3e0       _ReadClient                2001e3e0 f   g_save.obj
 0001:0001d440       _ReadEdict                 2001e440 f   g_save.obj
 0001:0001d4a0       _ReadField                 2001e4a0 f   g_save.obj
 0001:0001d660       _ReadGame                  2001e660 f   g_save.obj
 0001:0001d7b0       _ReadLevel                 2001e7b0 f   g_save.obj
 0001:0001da40       _ReadLevelLocals           2001ea40 f   g_save.obj
 0001:0001daa0       _WriteClient               2001eaa0 f   g_save.obj
 0001:0001db60       _WriteEdict                2001eb60 f   g_save.obj
 0001:0001dc20       _WriteField1               2001ec20 f   g_save.obj
 0001:0001ddd0       _WriteField2               2001edd0 f   g_save.obj
 0001:0001de40       _WriteGame                 2001ee40 f   g_save.obj
 0001:0001df40       _WriteLevel                2001ef40 f   g_save.obj
 0001:0001e050       _WriteLevelLocals          2001f050 f   g_save.obj
 0001:0001e110       _SP_worldspawn             2001f110 f   g_spawn.obj
 0001:0001e7d0       _ED_CallSpawn              2001f7d0 f   g_spawn.obj
 0001:0001e8d0       _ED_NewString              2001f8d0 f   g_spawn.obj
 0001:0001e9a0       _ED_ParseEdict             2001f9a0 f   g_spawn.obj
 0001:0001eaf0       _ED_ParseField             2001faf0 f   g_spawn.obj
 0001:0001ed20       _G_FindTeams               2001fd20 f   g_spawn.obj
 0001:0001eec0       _SpawnEntities             2001fec0 f   g_spawn.obj
 0001:0001f240       _SVCmd_AddIP_f             20020240 f   g_svcmds.obj
 0001:0001f310       _SVCmd_ListIP_f            20020310 f   g_svcmds.obj
 0001:0001f3b0       _SVCmd_RemoveIP_f          200203b0 f   g_svcmds.obj
 0001:0001f4d0       _SVCmd_WriteIP_f           200204d0 f   g_svcmds.obj
 0001:0001f670       _SV_FilterPacket           20020670 f   g_svcmds.obj
 0001:0001f7a0       _ServerCommand             200207a0 f   g_svcmds.obj
 0001:0001fa60       _Svcmd_Test_f              20020a60 f   g_svcmds.obj
 0001:0001fa90       _SP_target_blaster         20020a90 f   g_target.obj
 0001:0001fb30       _SP_target_changelevel     20020b30 f   g_target.obj
 0001:0001fbd0       _SP_target_crosslevel_target 20020bd0 f   g_target.obj
 0001:0001fc50       _SP_target_crosslevel_trigger 20020c50 f   g_target.obj
 0001:0001fc80       _SP_target_earthquake      20020c80 f   g_target.obj
 0001:0001fd50       _SP_target_explosion       20020d50 f   g_target.obj
 0001:0001fd80       _SP_target_goal            20020d80 f   g_target.obj
 0001:0001fe10       _SP_target_help            20020e10 f   g_target.obj
 0001:0001fea0       _SP_target_laser           20020ea0 f   g_target.obj
 0001:0001fee0       _SP_target_lightramp       20020ee0 f   g_target.obj
 0001:00020140       _SP_target_secret          20021140 f   g_target.obj
 0001:00020250       _SP_target_spawner         20021250 f   g_target.obj
 0001:000202e0       _SP_target_speaker         200212e0 f   g_target.obj
 0001:00020450       _SP_target_splash          20021450 f   g_target.obj
 0001:000204b0       _SP_target_temp_entity     200214b0 f   g_target.obj
 0001:000204d0       _Use_Target_Help           200214d0 f   g_target.obj
 0001:00020540       _Use_Target_Speaker        20021540 f   g_target.obj
 0001:00020600       _Use_Target_Tent           20021600 f   g_target.obj
 0001:00020650       _target_crosslevel_target_think 20021650 f   g_target.obj
 0001:000206a0       _target_earthquake_think   200216a0 f   g_target.obj
 0001:000208e0       _target_earthquake_use     200218e0 f   g_target.obj
 0001:00020950       _target_explosion_explode  20021950 f   g_target.obj
 0001:00020a30       _target_laser_off          20021a30 f   g_target.obj
 0001:00020a80       _target_laser_on           20021a80 f   g_target.obj
 0001:00020af0       _target_laser_start        20021af0 f   g_target.obj
 0001:00020d80       _target_laser_think        20021d80 f   g_target.obj
 0001:000211e0       _target_laser_use          200221e0 f   g_target.obj
 0001:00021230       _target_lightramp_think    20022230 f   g_target.obj
 0001:000213d0       _target_lightramp_use      200223d0 f   g_target.obj
 0001:00021520       _trigger_crosslevel_trigger_use 20022520 f   g_target.obj
 0001:00021560       _use_target_blaster        20022560 f   g_target.obj
 0001:00021620       _use_target_changelevel    20022620 f   g_target.obj
 0001:00021790       _use_target_explosion      20022790 f   g_target.obj
 0001:00021800       _use_target_goal           20022800 f   g_target.obj
 0001:000218a0       _use_target_secret         200228a0 f   g_target.obj
 0001:00021920       _use_target_spawner        20022920 f   g_target.obj
 0001:00021ab0       _use_target_splash         20022ab0 f   g_target.obj
 0001:00021b80       _InitTrigger               20022b80 f   g_trigger.obj
 0001:00021c00       _SP_trigger_always         20022c00 f   g_trigger.obj
 0001:00021c50       _SP_trigger_counter        20022c50 f   g_trigger.obj
 0001:00021ca0       _SP_trigger_gravity        20022ca0 f   g_trigger.obj
 0001:00021d20       _SP_trigger_hurt           20022d20 f   g_trigger.obj
 0001:00021dd0       _SP_trigger_key            20022dd0 f   g_trigger.obj
 0001:00021ec0       _SP_trigger_monsterjump    20022ec0 f   g_trigger.obj
 0001:00021f80       _SP_trigger_multiple       20022f80 f   g_trigger.obj
 0001:000220f0       _SP_trigger_once           200230f0 f   g_trigger.obj
 0001:000221c0       _SP_trigger_push           200231c0 f   g_trigger.obj
 0001:00022240       _SP_trigger_relay          20023240 f   g_trigger.obj
 0001:00022260       _Touch_Multi               20023260 f   g_trigger.obj
 0001:00022340       _Use_Multi                 20023340 f   g_trigger.obj
 0001:00022370       _hurt_touch                20023370 f   g_trigger.obj
 0001:000224c0       _hurt_use                  200234c0 f   g_trigger.obj
 0001:00022520       _multi_trigger             20023520 f   g_trigger.obj
 0001:000225e0       _multi_wait                200235e0 f   g_trigger.obj
 0001:00022610       _trigger_counter_use       20023610 f   g_trigger.obj
 0001:00022750       _trigger_enable            20023750 f   g_trigger.obj
 0001:00022790       _trigger_gravity_touch     20023790 f   g_trigger.obj
 0001:000227c0       _trigger_key_use           200237c0 f   g_trigger.obj
 0001:00022ad0       _trigger_monsterjump_touch 20023ad0 f   g_trigger.obj
 0001:00022bc0       _trigger_push_touch        20023bc0 f   g_trigger.obj
 0001:00022d80       _trigger_relay_use         20023d80 f   g_trigger.obj
 0001:00022da0       _AnglesNormalize           20023da0 f   g_turret.obj
 0001:00022ec0       _SP_turret_base            20023ec0 f   g_turret.obj
 0001:00022f20       _SP_turret_breach          20023f20 f   g_turret.obj
 0001:00023110       _SP_turret_driver          20024110 f   g_turret.obj
 0001:000233e0       _SnapToEights              200243e0 f   g_turret.obj
 0001:00023460       _turret_blocked            20024460 f   g_turret.obj
 0001:000234f0       _turret_breach_finish_init 200244f0 f   g_turret.obj
 0001:00023660       _turret_breach_fire        20024660 f   g_turret.obj
 0001:00023800       _turret_breach_think       20024800 f   g_turret.obj
 0001:00024340       _turret_driver_die         20025340 f   g_turret.obj
 0001:00024420       _turret_driver_link        20025420 f   g_turret.obj
 0001:00024750       _turret_driver_think       20025750 f   g_turret.obj
 0001:00024a80       _G_CopyString              20025a80 f   g_utils.obj
 0001:00024ad0       _G_Find                    20025ad0 f   g_utils.obj
 0001:00024b60       _G_FreeEdict               20025b60 f   g_utils.obj
 0001:00024bf0       _G_InitEdict               20025bf0 f   g_utils.obj
 0001:00024c40       _G_PickTarget              20025c40 f   g_utils.obj
 0001:00024d00       _G_ProjectSource           20025d00 f   g_utils.obj
 0001:00024e50       _G_SetMovedir              20025e50 f   g_utils.obj
 0001:00024f90       _G_Spawn                   20025f90 f   g_utils.obj
 0001:00025080       _G_TouchSolids             20026080 f   g_utils.obj
 0001:00025150       _G_TouchTriggers           20026150 f   g_utils.obj
 0001:00025240       _G_UseTargets              20026240 f   g_utils.obj
 0001:00025530       _KillBox                   20026530 f   g_utils.obj
 0001:00025600       _Think_Delay               20026600 f   g_utils.obj
 0001:00025640       _findradius                20026640 f   g_utils.obj
 0001:00025760       _tv                        20026760 f   g_utils.obj
 0001:000257d0       _vectoangles               200267d0 f   g_utils.obj
 0001:00025a50       _vectoyaw                  20026a50 f   g_utils.obj
 0001:00025b60       _vtos                      20026b60 f   g_utils.obj
 0001:000261d0       _bfg_explode               200271d0 f   g_weapon.obj
 0001:00026530       _bfg_think                 20027530 f   g_weapon.obj
 0001:00026930       _bfg_touch                 20027930 f   g_weapon.obj
 0001:00026bb0       _blaster_touch             20027bb0 f   g_weapon.obj
 0001:00026f00       _fire_bfg                  20027f00 f   g_weapon.obj
 0001:000271f0       _fire_blaster              200281f0 f   g_weapon.obj
 0001:00027550       _fire_bullet               20028550 f   g_weapon.obj
 0001:00027590       _fire_grenade              20028590 f   g_weapon.obj
 0001:000278d0       _fire_grenade2             200288d0 f   g_weapon.obj
 0001:00027cb0       _fire_hit                  20028cb0 f   g_weapon.obj
 0001:00028ac0       _fire_punch                20029ac0 f   g_weapon.obj
 0001:00028dd0       _fire_rail                 20029dd0 f   g_weapon.obj
 0001:00029030       _fire_rocket               2002a030 f   g_weapon.obj
 0001:000292e0       _fire_shotgun              2002a2e0 f   g_weapon.obj
 0001:00029340       _rocket_touch              2002a340 f   g_weapon.obj
 0001:00029570       _actor_run                 2002a570 f   m_actor.obj
 0001:00029600       _actor_dead                2002a600 f   m_actor.obj
 0001:00029700       _actor_fire                2002a700 f   m_actor.obj
 0001:00029770       _SP_misc_actor             2002a770 f   m_actor.obj
 0001:00029a00       _SP_target_actor           2002aa00 f   m_actor.obj
 0001:00029be0       _actorMachineGun           2002abe0 f   m_actor.obj
 0001:00029e50       _actor_attack              2002ae50 f   m_actor.obj
 0001:00029eb0       _actor_die                 2002aeb0 f   m_actor.obj
 0001:00029fc0       _actor_pain                2002afc0 f   m_actor.obj
 0001:0002a210       _actor_stand               2002b210 f   m_actor.obj
 0001:0002a280       _actor_use                 2002b280 f   m_actor.obj
 0001:0002a470       _actor_walk                2002b470 f   m_actor.obj
 0001:0002a490       _target_actor_touch        2002b490 f   m_actor.obj
 0001:0002a8f0       _berserk_fidget            2002b8f0 f   m_berserk.obj
 0001:0002a990       _berserk_stand             2002b990 f   m_berserk.obj
 0001:0002a9b0       _berserk_run               2002b9b0 f   m_berserk.obj
 0001:0002a9f0       _berserk_attack_spike      2002b9f0 f   m_berserk.obj
 0001:0002aa30       _berserk_swing             2002ba30 f   m_berserk.obj
 0001:0002aa80       _berserk_attack_club       2002ba80 f   m_berserk.obj
 0001:0002ab20       _berserk_strike            2002bb20 f   m_berserk.obj
 0001:0002ab30       _berserk_dead              2002bb30 f   m_berserk.obj
 0001:0002ac30       _SP_monster_berserk        2002bc30 f   m_berserk.obj
 0001:0002ae90       _berserk_die               2002be90 f   m_berserk.obj
 0001:0002b020       _berserk_melee             2002c020 f   m_berserk.obj
 0001:0002b070       _berserk_pain              2002c070 f   m_berserk.obj
 0001:0002b180       _berserk_search            2002c180 f   m_berserk.obj
 0001:0002b1d0       _berserk_sight             2002c1d0 f   m_berserk.obj
 0001:0002b220       _berserk_walk              2002c220 f   m_berserk.obj
 0001:0002b240       _boss2_run                 2002c240 f   m_boss2.obj
 0001:0002b280       _boss2_dead                2002c280 f   m_boss2.obj
 0001:0002b380       _boss2_attack_mg           2002c380 f   m_boss2.obj
 0001:0002b3a0       _boss2_reattack_mg         2002c3a0 f   m_boss2.obj
 0001:0002b420       _Boss2Rocket               2002c420 f   m_boss2.obj
 0001:0002ba10       _Boss2MachineGun           2002ca10 f   m_boss2.obj
 0001:0002ba40       _Boss2_CheckAttack         2002ca40 f   m_boss2.obj
 0001:0002be60       _SP_monster_boss2          2002ce60 f   m_boss2.obj
 0001:0002c0c0       _boss2_attack              2002d0c0 f   m_boss2.obj
 0001:0002c200       _boss2_die                 2002d200 f   m_boss2.obj
 0001:0002c290       _boss2_firebullet_left     2002d290 f   m_boss2.obj
 0001:0002c410       _boss2_firebullet_right    2002d410 f   m_boss2.obj
 0001:0002c5a0       _boss2_pain                2002d5a0 f   m_boss2.obj
 0001:0002c700       _boss2_search              2002d700 f   m_boss2.obj
 0001:0002c780       _boss2_stand               2002d780 f   m_boss2.obj
 0001:0002c7a0       _boss2_walk                2002d7a0 f   m_boss2.obj
 0001:0002c7c0       _SP_monster_boss3_stand    2002d7c0 f   m_boss3.obj
 0001:0002c940       _Think_Boss3Stand          2002d940 f   m_boss3.obj
 0001:0002c9a0       _Use_Boss3                 2002d9a0 f   m_boss3.obj
 0001:0002ca00       _jorg_dead                 2002da00 f   m_boss31.obj
 0001:0002ca10       _jorgBFG                   2002da10 f   m_boss31.obj
 0001:0002cc20       _jorg_firebullet           2002dc20 f   m_boss31.obj
 0001:0002cc50       _jorg_reattack1            2002dc50 f   m_boss31.obj
 0001:0002ccf0       _jorg_attack1              2002dcf0 f   m_boss31.obj
 0001:0002cd10       _jorg_idle                 2002dd10 f   m_boss31.obj
 0001:0002cd60       _jorg_step_left            2002dd60 f   m_boss31.obj
 0001:0002cdb0       _jorg_step_right           2002ddb0 f   m_boss31.obj
 0001:0002ce00       _jorg_run                  2002de00 f   m_boss31.obj
 0001:0002ce40       _Jorg_CheckAttack          2002de40 f   m_boss31.obj
 0001:0002d260       _SP_monster_jorg           2002e260 f   m_boss31.obj
 0001:0002d580       _jorg_attack               2002e580 f   m_boss31.obj
 0001:0002d740       _jorg_death_hit            2002e740 f   m_boss31.obj
 0001:0002d790       _jorg_die                  2002e790 f   m_boss31.obj
 0001:0002d820       _jorg_firebullet_left      2002e820 f   m_boss31.obj
 0001:0002d9a0       _jorg_firebullet_right     2002e9a0 f   m_boss31.obj
 0001:0002db20       _jorg_pain                 2002eb20 f   m_boss31.obj
 0001:0002ddc0       _jorg_search               2002edc0 f   m_boss31.obj
 0001:0002dee0       _jorg_stand                2002eee0 f   m_boss31.obj
 0001:0002df00       _jorg_walk                 2002ef00 f   m_boss31.obj
 0001:0002df20       _MakronRailgun             2002ef20 f   m_boss32.obj
 0001:0002e050       _MakronSaveloc             2002f050 f   m_boss32.obj
 0001:0002e110       _MakronHyperblaster        2002f110 f   m_boss32.obj
 0001:0002e3b0       _makron_step_left          2002f3b0 f   m_boss32.obj
 0001:0002e400       _makron_step_right         2002f400 f   m_boss32.obj
 0001:0002e450       _makronBFG                 2002f450 f   m_boss32.obj
 0001:0002e650       _makron_dead               2002f650 f   m_boss32.obj
 0001:0002e750       _makron_taunt              2002f750 f   m_boss32.obj
 0001:0002e870       _makron_hit                2002f870 f   m_boss32.obj
 0001:0002e8c0       _makron_popup              2002f8c0 f   m_boss32.obj
 0001:0002e910       _makron_brainsplorch       2002f910 f   m_boss32.obj
 0001:0002e960       _makron_prerailgun         2002f960 f   m_boss32.obj
 0001:0002e9b0       _makron_run                2002f9b0 f   m_boss32.obj
 0001:0002e9f0       _MakronPrecache            2002f9f0 f   m_boss32.obj
 0001:0002eb20       _MakronSpawn               2002fb20 f   m_boss32.obj
 0001:0002ec80       _MakronToss                2002fc80 f   m_boss32.obj
 0001:0002ed30       _Makron_CheckAttack        2002fd30 f   m_boss32.obj
 0001:0002f150       _SP_monster_makron         20030150 f   m_boss32.obj
 0001:0002f350       _makron_attack             20030350 f   m_boss32.obj
 0001:0002f4a0       _makron_die                200304a0 f   m_boss32.obj
 0001:0002f710       _makron_pain               20030710 f   m_boss32.obj
 0001:0002f970       _makron_sight              20030970 f   m_boss32.obj
 0001:0002f990       _makron_stand              20030990 f   m_boss32.obj
 0001:0002f9b0       _makron_torso              200309b0 f   m_boss32.obj
 0001:0002faf0       _makron_torso_think        20030af0 f   m_boss32.obj
 0001:0002fb70       _makron_walk               20030b70 f   m_boss32.obj
 0001:0002fb90       _brain_chest_open          20030b90 f   m_brain.obj
 0001:0002fc10       _brain_tentacle_attack     20030c10 f   m_brain.obj
 0001:0002fd10       _brain_chest_closed        20030d10 f   m_brain.obj
 0001:0002fd70       _brain_run                 20030d70 f   m_brain.obj
 0001:0002fdc0       _brain_dead                20030dc0 f   m_brain.obj
 0001:0002fec0       _brain_stand               20030ec0 f   m_brain.obj
 0001:0002fee0       _brain_duck_down           20030ee0 f   m_brain.obj
 0001:0002ff70       _brain_duck_hold           20030f70 f   m_brain.obj
 0001:0002ffd0       _brain_duck_up             20030fd0 f   m_brain.obj
 0001:00030040       _brain_swing_right         20031040 f   m_brain.obj
 0001:00030090       _brain_hit_right           20031090 f   m_brain.obj
 0001:00030170       _brain_swing_left          20031170 f   m_brain.obj
 0001:000301c0       _brain_hit_left            200311c0 f   m_brain.obj
 0001:000302a0       _SP_monster_brain          200312a0 f   m_brain.obj
 0001:000305c0       _brain_die                 200315c0 f   m_brain.obj
 0001:00030780       _brain_dodge               20031780 f   m_brain.obj
 0001:00030810       _brain_idle                20031810 f   m_brain.obj
 0001:00030870       _brain_melee               20031870 f   m_brain.obj
 0001:000308d0       _brain_pain                200318d0 f   m_brain.obj
 0001:00030a80       _brain_search              20031a80 f   m_brain.obj
 0001:00030ad0       _brain_sight               20031ad0 f   m_brain.obj
 0001:00030b20       _brain_walk                20031b20 f   m_brain.obj
 0001:00030b40       _chick_dead                20031b40 f   m_chick.obj
 0001:00030c40       _chick_duck_down           20031c40 f   m_chick.obj
 0001:00030ce0       _chick_duck_hold           20031ce0 f   m_chick.obj
 0001:00030d40       _chick_duck_up             20031d40 f   m_chick.obj
 0001:00030db0       _ChickSlash                20031db0 f   m_chick.obj
 0001:00030e90       _ChickRocket               20031e90 f   m_chick.obj
 0001:00031040       _Chick_PreAttack1          20032040 f   m_chick.obj
 0001:00031090       _ChickReload               20032090 f   m_chick.obj
 0001:000310e0       _chick_slash               200320e0 f   m_chick.obj
 0001:00031100       _chick_stand               20032100 f   m_chick.obj
 0001:00031120       _chick_run                 20032120 f   m_chick.obj
 0001:00031190       _chick_reslash             20032190 f   m_chick.obj
 0001:00031230       _chick_rerocket            20032230 f   m_chick.obj
 0001:000312d0       _chick_attack1             200322d0 f   m_chick.obj
 0001:000312f0       _ChickMoan                 200322f0 f   m_chick.obj
 0001:000313b0       _chick_fidget              200323b0 f   m_chick.obj
 0001:00031410       _SP_monster_chick          20032410 f   m_chick.obj
 0001:00031710       _chick_attack              20032710 f   m_chick.obj
 0001:00031730       _chick_die                 20032730 f   m_chick.obj
 0001:00031910       _chick_dodge               20032910 f   m_chick.obj
 0001:00031970       _chick_melee               20032970 f   m_chick.obj
 0001:00031990       _chick_pain                20032990 f   m_chick.obj
 0001:00031b50       _chick_sight               20032b50 f   m_chick.obj
 0001:00031ba0       _chick_walk                20032ba0 f   m_chick.obj
 0001:00031bc0       _flipper_run_loop          20032bc0 f   m_flipper.obj
 0001:00031be0       _flipper_run               20032be0 f   m_flipper.obj
 0001:00031c00       _flipper_bite              20032c00 f   m_flipper.obj
 0001:00031c80       _flipper_preattack         20032c80 f   m_flipper.obj
 0001:00031cd0       _flipper_dead              20032cd0 f   m_flipper.obj
 0001:00031dd0       _SP_monster_flipper        20032dd0 f   m_flipper.obj
 0001:00032030       _flipper_die               20033030 f   m_flipper.obj
 0001:000321a0       _flipper_melee             200331a0 f   m_flipper.obj
 0001:000321c0       _flipper_pain              200331c0 f   m_flipper.obj
 0001:00032300       _flipper_sight             20033300 f   m_flipper.obj
 0001:00032350       _flipper_stand             20033350 f   m_flipper.obj
 0001:00032370       _flipper_start_run         20033370 f   m_flipper.obj
 0001:00032390       _flipper_walk              20033390 f   m_flipper.obj
 0001:000323b0       _floater_dead              200333b0 f   m_float.obj
 0001:000324b0       _floater_run               200334b0 f   m_float.obj
 0001:000324f0       _floater_wham              200334f0 f   m_float.obj
 0001:00032570       _floater_zap               20033570 f   m_float.obj
 0001:000327a0       _floater_fire_blaster      200337a0 f   m_float.obj
 0001:00032970       _SP_monster_floater        20033970 f   m_float.obj
 0001:00032c30       _floater_attack            20033c30 f   m_float.obj
 0001:00032c50       _floater_die               20033c50 f   m_float.obj
 0001:00032cb0       _floater_idle              20033cb0 f   m_float.obj
 0001:00032d00       _floater_melee             20033d00 f   m_float.obj
 0001:00032d60       _floater_pain              20033d60 f   m_float.obj
 0001:00032ea0       _floater_sight             20033ea0 f   m_float.obj
 0001:00032ef0       _floater_stand             20033ef0 f   m_float.obj
 0001:00032f50       _floater_walk              20033f50 f   m_float.obj
 0001:00032f70       _flyer_slash_left          20033f70 f   m_flyer.obj
 0001:00033040       _flyer_slash_right         20034040 f   m_flyer.obj
 0001:00033110       _flyer_check_melee         20034110 f   m_flyer.obj
 0001:00033190       _flyer_loop_melee          20034190 f   m_flyer.obj
 0001:000331b0       _flyer_nextmove            200341b0 f   m_flyer.obj
 0001:00033210       _flyer_pop_blades          20034210 f   m_flyer.obj
 0001:00033260       _flyer_run                 20034260 f   m_flyer.obj
 0001:000332a0       _flyer_fireleft            200342a0 f   m_flyer.obj
 0001:000332c0       _flyer_fireright           200342c0 f   m_flyer.obj
 0001:000332e0       _SP_monster_flyer          200342e0 f   m_flyer.obj
 0001:000335b0       _flyer_attack              200345b0 f   m_flyer.obj
 0001:000335d0       _flyer_die                 200345d0 f   m_flyer.obj
 0001:00033630       _flyer_fire                20034630 f   m_flyer.obj
 0001:00033800       _flyer_idle                20034800 f   m_flyer.obj
 0001:00033850       _flyer_melee               20034850 f   m_flyer.obj
 0001:00033870       _flyer_pain                20034870 f   m_flyer.obj
 0001:00033a00       _flyer_setstart            20034a00 f   m_flyer.obj
 0001:00033a30       _flyer_sight               20034a30 f   m_flyer.obj
 0001:00033a80       _flyer_stand               20034a80 f   m_flyer.obj
 0001:00033aa0       _flyer_start               20034aa0 f   m_flyer.obj
 0001:00033ac0       _flyer_stop                20034ac0 f   m_flyer.obj
 0001:00033ae0       _flyer_walk                20034ae0 f   m_flyer.obj
 0001:00033b00       _gladiator_cleaver_swing   20034b00 f   m_gladiator.obj
 0001:00033b50       _gladiator_run             20034b50 f   m_gladiator.obj
 0001:00033b90       _GaldiatorMelee            20034b90 f   m_gladiator.obj
 0001:00033cb0       _GladiatorGun              20034cb0 f   m_gladiator.obj
 0001:00033de0       _gladiator_dead            20034de0 f   m_gladiator.obj
 0001:00033ee0       _SP_monster_gladiator      20034ee0 f   m_gladiator.obj
 0001:000341a0       _gladiator_attack          200351a0 f   m_gladiator.obj
 0001:00034390       _gladiator_die             20035390 f   m_gladiator.obj
 0001:00034500       _gladiator_idle            20035500 f   m_gladiator.obj
 0001:00034550       _gladiator_melee           20035550 f   m_gladiator.obj
 0001:00034570       _gladiator_pain            20035570 f   m_gladiator.obj
 0001:00034710       _gladiator_search          20035710 f   m_gladiator.obj
 0001:00034760       _gladiator_sight           20035760 f   m_gladiator.obj
 0001:000347b0       _gladiator_stand           200357b0 f   m_gladiator.obj
 0001:000347d0       _gladiator_walk            200357d0 f   m_gladiator.obj
 0001:000347f0       _gunner_duck_down          200357f0 f   m_gunner.obj
 0001:000348e0       _gunner_duck_hold          200358e0 f   m_gunner.obj
 0001:00034940       _gunner_duck_up            20035940 f   m_gunner.obj
 0001:000349b0       _gunner_opengun            200359b0 f   m_gunner.obj
 0001:00034a00       _gunner_idlesound          20035a00 f   m_gunner.obj
 0001:00034a50       _GunnerGrenade             20035a50 f   m_gunner.obj
 0001:00034b60       _GunnerFire                20035b60 f   m_gunner.obj
 0001:00034d50       _gunner_fire_chain         20035d50 f   m_gunner.obj
 0001:00034d70       _gunner_refire_chain       20035d70 f   m_gunner.obj
 0001:00034df0       _gunner_stand              20035df0 f   m_gunner.obj
 0001:00034e10       _gunner_fidget             20035e10 f   m_gunner.obj
 0001:00034e70       _gunner_run                20035e70 f   m_gunner.obj
 0001:00034eb0       _gunner_dead               20035eb0 f   m_gunner.obj
 0001:00034fb0       _SP_monster_gunner         20035fb0 f   m_gunner.obj
 0001:00035240       _gunner_attack             20036240 f   m_gunner.obj
 0001:000352c0       _gunner_die                200362c0 f   m_gunner.obj
 0001:00035430       _gunner_dodge              20036430 f   m_gunner.obj
 0001:00035490       _gunner_pain               20036490 f   m_gunner.obj
 0001:000355e0       _gunner_runandshoot        200365e0 f   m_gunner.obj
 0001:00035600       _gunner_search             20036600 f   m_gunner.obj
 0001:00035650       _gunner_sight              20036650 f   m_gunner.obj
 0001:000356a0       _gunner_walk               200366a0 f   m_gunner.obj
 0001:000356c0       _hover_run                 200366c0 f   m_hover.obj
 0001:00035700       _hover_dead                20036700 f   m_hover.obj
 0001:00035820       _hover_attack              20036820 f   m_hover.obj
 0001:00035840       _hover_reattack            20036840 f   m_hover.obj
 0001:000358c0       _hover_fire_blaster        200368c0 f   m_hover.obj
 0001:00035a80       _SP_monster_hover          20036a80 f   m_hover.obj
 0001:00035d00       _hover_deadthink           20036d00 f   m_hover.obj
 0001:00035d60       _hover_die                 20036d60 f   m_hover.obj
 0001:00035f40       _hover_pain                20036f40 f   m_hover.obj
 0001:000360e0       _hover_search              200370e0 f   m_hover.obj
 0001:000361a0       _hover_sight               200371a0 f   m_hover.obj
 0001:000361f0       _hover_stand               200371f0 f   m_hover.obj
 0001:00036210       _hover_start_attack        20037210 f   m_hover.obj
 0001:00036230       _hover_walk                20037230 f   m_hover.obj
 0001:00036250       _infantry_duck_down        20037250 f   m_infantry.obj
 0001:000362f0       _infantry_duck_hold        200372f0 f   m_infantry.obj
 0001:00036350       _infantry_duck_up          20037350 f   m_infantry.obj
 0001:000363c0       _infantry_cock_gun         200373c0 f   m_infantry.obj
 0001:00036450       _infantry_fire             20037450 f   m_infantry.obj
 0001:000364c0       _infantry_swing            200374c0 f   m_infantry.obj
 0001:00036510       _infantry_smack            20037510 f   m_infantry.obj
 0001:000365e0       _InfantryMachineGun        200375e0 f   m_infantry.obj
 0001:000368d0       _infantry_stand            200378d0 f   m_infantry.obj
 0001:000368f0       _infantry_run              200378f0 f   m_infantry.obj
 0001:00036930       _infantry_dead             20037930 f   m_infantry.obj
 0001:00036a30       _SP_monster_infantry       20037a30 f   m_infantry.obj
 0001:00036cf0       _infantry_attack           20037cf0 f   m_infantry.obj
 0001:00036d40       _infantry_die              20037d40 f   m_infantry.obj
 0001:00036f70       _infantry_dodge            20037f70 f   m_infantry.obj
 0001:00036fd0       _infantry_fidget           20037fd0 f   m_infantry.obj
 0001:00037030       _infantry_pain             20038030 f   m_infantry.obj
 0001:00037170       _infantry_sight            20038170 f   m_infantry.obj
 0001:000371c0       _infantry_walk             200381c0 f   m_infantry.obj
 0001:000371e0       _insane_fist               200381e0 f   m_insane.obj
 0001:00037230       _insane_shake              20038230 f   m_insane.obj
 0001:00037280       _insane_moan               20038280 f   m_insane.obj
 0001:000372d0       _insane_scream             200382d0 f   m_insane.obj
 0001:00037340       _insane_stand              20038340 f   m_insane.obj
 0001:00037400       _insane_dead               20038400 f   m_insane.obj
 0001:00037520       _insane_cross              20038520 f   m_insane.obj
 0001:00037580       _insane_walk               20038580 f   m_insane.obj
 0001:00037620       _insane_run                20038620 f   m_insane.obj
 0001:000376c0       _insane_checkdown          200386c0 f   m_insane.obj
 0001:00037750       _insane_checkup            20038750 f   m_insane.obj
 0001:000377c0       _insane_onground           200387c0 f   m_insane.obj
 0001:000377e0       _SP_misc_insane            200387e0 f   m_insane.obj
 0001:00037c10       _insane_die                20038c10 f   m_insane.obj
 0001:00037e10       _insane_pain               20038e10 f   m_insane.obj
 0001:00037f80       _medic_dead                20038f80 f   m_medic.obj
 0001:00038080       _medic_duck_down           20039080 f   m_medic.obj
 0001:00038120       _medic_duck_hold           20039120 f   m_medic.obj
 0001:00038180       _medic_duck_up             20039180 f   m_medic.obj
 0001:000381f0       _medic_continue            200391f0 f   m_medic.obj
 0001:00038250       _medic_hook_launch         20039250 f   m_medic.obj
 0001:000382a0       _medic_cable_attack        200392a0 f   m_medic.obj
 0001:000388c0       _medic_hook_retract        200398c0 f   m_medic.obj
 0001:00038940       _medic_idle                20039940 f   m_medic.obj
 0001:000389f0       _medic_run                 200399f0 f   m_medic.obj
 0001:00038ab0       _medic_fire_blaster        20039ab0 f   m_medic.obj
 0001:00038cc0       _SP_monster_medic          20039cc0 f   m_medic.obj
 0001:00038fa0       _medic_FindDeadMonster     20039fa0 f   m_medic.obj
 0001:000390b0       _medic_attack              2003a0b0 f   m_medic.obj
 0001:000390f0       _medic_checkattack         2003a0f0 f   m_medic.obj
 0001:00039130       _medic_die                 2003a130 f   m_medic.obj
 0001:000392d0       _medic_dodge               2003a2d0 f   m_medic.obj
 0001:00039330       _medic_pain                2003a330 f   m_medic.obj
 0001:00039480       _medic_search              2003a480 f   m_medic.obj
 0001:00039550       _medic_sight               2003a550 f   m_medic.obj
 0001:000395a0       _medic_stand               2003a5a0 f   m_medic.obj
 0001:000395c0       _medic_walk                2003a5c0 f   m_medic.obj
 0001:000395e0       _M_ChangeYaw               2003a5e0 f   m_move.obj
 0001:00039720       _M_CheckBottom             2003a720 f   m_move.obj
 0001:00039ce0       _M_MoveToGoal              2003ace0 f   m_move.obj
 0001:00039db0       _M_walkmove                2003adb0 f   m_move.obj
 0001:00039ec0       _SV_CloseEnough            2003aec0 f   m_move.obj
 0001:00039f50       _SV_FixCheckBottom         2003af50 f   m_move.obj
 0001:00039f80       _SV_NewChaseDir            2003af80 f   m_move.obj
 0001:0003a4c0       _SV_StepDirection          2003b4c0 f   m_move.obj
 0001:0003a6e0       _SV_movestep               2003b6e0 f   m_move.obj
 0001:0003b110       _mutant_step               2003c110 f   m_mutant.obj
 0001:0003b210       _mutant_stand              2003c210 f   m_mutant.obj
 0001:0003b230       _mutant_idle_loop          2003c230 f   m_mutant.obj
 0001:0003b280       _mutant_walk_loop          2003c280 f   m_mutant.obj
 0001:0003b2a0       _mutant_run                2003c2a0 f   m_mutant.obj
 0001:0003b2e0       _mutant_hit_left           2003c2e0 f   m_mutant.obj
 0001:0003b400       _mutant_hit_right          2003c400 f   m_mutant.obj
 0001:0003b520       _mutant_check_refire       2003c520 f   m_mutant.obj
 0001:0003b5d0       _mutant_jump_takeoff       2003c5d0 f   m_mutant.obj
 0001:0003b700       _mutant_check_landing      2003c700 f   m_mutant.obj
 0001:0003b7c0       _mutant_dead               2003c7c0 f   m_mutant.obj
 0001:0003b8c0       _SP_monster_mutant         2003c8c0 f   m_mutant.obj
 0001:0003bbc0       _mutant_check_jump         2003cbc0 f   m_mutant.obj
 0001:0003bd90       _mutant_check_melee        2003cd90 f   m_mutant.obj
 0001:0003bdd0       _mutant_checkattack        2003cdd0 f   m_mutant.obj
 0001:0003be50       _mutant_die                2003ce50 f   m_mutant.obj
 0001:0003c010       _mutant_idle               2003d010 f   m_mutant.obj
 0001:0003c070       _mutant_jump               2003d070 f   m_mutant.obj
 0001:0003c090       _mutant_jump_touch         2003d090 f   m_mutant.obj
 0001:0003c250       _mutant_melee              2003d250 f   m_mutant.obj
 0001:0003c270       _mutant_pain               2003d270 f   m_mutant.obj
 0001:0003c420       _mutant_search             2003d420 f   m_mutant.obj
 0001:0003c470       _mutant_sight              2003d470 f   m_mutant.obj
 0001:0003c4c0       _mutant_swing              2003d4c0 f   m_mutant.obj
 0001:0003c510       _mutant_walk               2003d510 f   m_mutant.obj
 0001:0003c530       _parasite_stand            2003d530 f   m_parasite.obj
 0001:0003c550       _parasite_start_run        2003d550 f   m_parasite.obj
 0001:0003c590       _parasite_run              2003d590 f   m_parasite.obj
 0001:0003c5d0       _parasite_walk             2003d5d0 f   m_parasite.obj
 0001:0003c5f0       _parasite_do_fidget        2003d5f0 f   m_parasite.obj
 0001:0003c610       _parasite_refidget         2003d610 f   m_parasite.obj
 0001:0003c670       _parasite_launch           2003d670 f   m_parasite.obj
 0001:0003c6c0       _parasite_reel_in          2003d6c0 f   m_parasite.obj
 0001:0003c710       _parasite_tap              2003d710 f   m_parasite.obj
 0001:0003c760       _parasite_scratch          2003d760 f   m_parasite.obj
 0001:0003c7b0       _parasite_drain_attack     2003d7b0 f   m_parasite.obj
 0001:0003cc00       _parasite_dead             2003dc00 f   m_parasite.obj
 0001:0003cd00       _SP_monster_parasite       2003dd00 f   m_parasite.obj
 0001:0003cfb0       _parasite_attack           2003dfb0 f   m_parasite.obj
 0001:0003cfd0       _parasite_die              2003dfd0 f   m_parasite.obj
 0001:0003d2a0       _parasite_end_fidget       2003e2a0 f   m_parasite.obj
 0001:0003d2c0       _parasite_idle             2003e2c0 f   m_parasite.obj
 0001:0003d2e0       _parasite_pain             2003e2e0 f   m_parasite.obj
 0001:0003d420       _parasite_search           2003e420 f   m_parasite.obj
 0001:0003d470       _parasite_sight            2003e470 f   m_parasite.obj
 0001:0003d4c0       _parasite_start_walk       2003e4c0 f   m_parasite.obj
 0001:0003d4e0       _soldier_idle              2003e4e0 f   m_soldier.obj
 0001:0003d560       _soldier_cock              2003e560 f   m_soldier.obj
 0001:0003d600       _soldier_stand             2003e600 f   m_soldier.obj
 0001:0003d670       _soldier_walk1_random      2003e670 f   m_soldier.obj
 0001:0003d6c0       _soldier_run               2003e6c0 f   m_soldier.obj
 0001:0003d740       _soldier_fire1             2003e740 f   m_soldier.obj
 0001:0003d760       _soldier_attack1_refire1   2003e760 f   m_soldier.obj
 0001:0003d810       _soldier_attack1_refire2   2003e810 f   m_soldier.obj
 0001:0003d8b0       _soldier_fire2             2003e8b0 f   m_soldier.obj
 0001:0003d8d0       _soldier_attack2_refire1   2003e8d0 f   m_soldier.obj
 0001:0003d980       _soldier_attack2_refire2   2003e980 f   m_soldier.obj
 0001:0003da20       _soldier_duck_down         2003ea20 f   m_soldier.obj
 0001:0003dac0       _soldier_duck_up           2003eac0 f   m_soldier.obj
 0001:0003db30       _soldier_fire3             2003eb30 f   m_soldier.obj
 0001:0003db60       _soldier_attack3_refire    2003eb60 f   m_soldier.obj
 0001:0003dba0       _soldier_fire4             2003eba0 f   m_soldier.obj
 0001:0003dbc0       _soldier_fire8             2003ebc0 f   m_soldier.obj
 0001:0003dbe0       _soldier_attack6_refire    2003ebe0 f   m_soldier.obj
 0001:0003dc50       _soldier_duck_hold         2003ec50 f   m_soldier.obj
 0001:0003dcb0       _soldier_fire6             2003ecb0 f   m_soldier.obj
 0001:0003dcd0       _soldier_fire7             2003ecd0 f   m_soldier.obj
 0001:0003dcf0       _soldier_dead              2003ecf0 f   m_soldier.obj
 0001:0003ddf0       _SP_monster_soldier        2003edf0 f   m_soldier.obj
 0001:0003de90       _SP_monster_soldier_light  2003ee90 f   m_soldier.obj
 0001:0003df50       _SP_monster_soldier_ss     2003ef50 f   m_soldier.obj
 0001:0003dff0       _SP_monster_soldier_x      2003eff0 f   m_soldier.obj
 0001:0003e1e0       _soldier_attack            2003f1e0 f   m_soldier.obj
 0001:0003e250       _soldier_die               2003f250 f   m_soldier.obj
 0001:0003e520       _soldier_dodge             2003f520 f   m_soldier.obj
 0001:0003e680       _soldier_fire              2003f680 f   m_soldier.obj
 0001:0003eb60       _soldier_pain              2003fb60 f   m_soldier.obj
 0001:0003edc0       _soldier_sight             2003fdc0 f   m_soldier.obj
 0001:0003eee0       _soldier_walk              2003fee0 f   m_soldier.obj
 0001:0003ef40       _BossExplode               2003ff40 f   m_supertank.obj
 0001:0003f3c0       _TreadSound                200403c0 f   m_supertank.obj
 0001:0003f410       _supertank_dead            20040410 f   m_supertank.obj
 0001:0003f510       _supertankRocket           20040510 f   m_supertank.obj
 0001:0003f6f0       _supertankMachineGun       200406f0 f   m_supertank.obj
 0001:0003f930       _supertank_reattack1       20040930 f   m_supertank.obj
 0001:0003f9b0       _supertank_run             200409b0 f   m_supertank.obj
 0001:0003f9f0       _SP_monster_supertank      200409f0 f   m_supertank.obj
 0001:0003fc70       _supertank_attack          20040c70 f   m_supertank.obj
 0001:0003fdb0       _supertank_die             20040db0 f   m_supertank.obj
 0001:0003fe40       _supertank_forward         20040e40 f   m_supertank.obj
 0001:0003fe60       _supertank_pain            20040e60 f   m_supertank.obj
 0001:00040040       _supertank_search          20041040 f   m_supertank.obj
 0001:00040100       _supertank_stand           20041100 f   m_supertank.obj
 0001:00040120       _supertank_walk            20041120 f   m_supertank.obj
 0001:00040140       _TankBlaster               20041140 f   m_tank.obj
 0001:00040310       _TankStrike                20041310 f   m_tank.obj
 0001:00040360       _TankRocket                20041360 f   m_tank.obj
 0001:00040540       _TankMachineGun            20041540 f   m_tank.obj
 0001:000407e0       _tank_poststrike           200417e0 f   m_tank.obj
 0001:00040810       _tank_dead                 20041810 f   m_tank.obj
 0001:00040910       _tank_refire_rocket        20041910 f   m_tank.obj
 0001:000409b0       _tank_doattack_rocket      200419b0 f   m_tank.obj
 0001:000409d0       _tank_reattack_blaster     200419d0 f   m_tank.obj
 0001:00040a70       _tank_footstep             20041a70 f   m_tank.obj
 0001:00040ac0       _tank_thud                 20041ac0 f   m_tank.obj
 0001:00040b10       _tank_windup               20041b10 f   m_tank.obj
 0001:00040b60       _tank_stand                20041b60 f   m_tank.obj
 0001:00040b80       _tank_walk                 20041b80 f   m_tank.obj
 0001:00040ba0       _tank_run                  20041ba0 f   m_tank.obj
 0001:00040c60       _SP_monster_tank           20041c60 f   m_tank.obj
 0001:00040fb0       _tank_attack               20041fb0 f   m_tank.obj
 0001:000411e0       _tank_die                  200421e0 f   m_tank.obj
 0001:00041370       _tank_idle                 20042370 f   m_tank.obj
 0001:000413c0       _tank_pain                 200423c0 f   m_tank.obj
 0001:00041540       _tank_sight                20042540 f   m_tank.obj
 0001:00041590       _CheckBlock                20042590 f   p_client.obj
 0001:000415e0       _ClientBegin               200425e0 f   p_client.obj
 0001:00041770       _ClientBeginDeathmatch     20042770 f   p_client.obj
 0001:00041840       _ClientBeginServerFrame    20042840 f   p_client.obj
 0001:000419f0       _ClientConnect             200429f0 f   p_client.obj
 0001:00041cd0       _ClientDisconnect          20042cd0 f   p_client.obj
 0001:00041dd0       _ClientObituary            20042dd0 f   p_client.obj
 0001:00042390       _ClientThink               20043390 f   p_client.obj
 0001:00042c30       _ClientUserinfoChanged     20043c30 f   p_client.obj
 0001:00042e70       _CopyToBodyQue             20043e70 f   p_client.obj
 0001:00043190       _FetchClientEntData        20044190 f   p_client.obj
 0001:00043220       _InitBodyQue               20044220 f   p_client.obj
 0001:00043270       _InitClientPersistant      20044270 f   p_client.obj
 0001:00043360       _InitClientResp            20044360 f   p_client.obj
 0001:000433b0       _IsFemale                  200443b0 f   p_client.obj
 0001:00043420       _IsNeutral                 20044420 f   p_client.obj
 0001:000434c0       _LookAtKiller              200444c0 f   p_client.obj
 0001:000437c0       _PM_trace                  200447c0 f   p_client.obj
 0001:00043860       _PlayersRangeFromSpot      20044860 f   p_client.obj
 0001:000439b0       _PrintPmove                200449b0 f   p_client.obj
 0001:00043a10       _PutClientInServer         20044a10 f   p_client.obj
 0001:00044640       _SP_info_player_coop       20045640 f   p_client.obj
 0001:00044800       _SP_info_player_deathmatch 20045800 f   p_client.obj
 0001:00044850       _SP_info_player_intermission 20045850 f   p_client.obj
 0001:00044860       _SP_info_player_start      20045860 f   p_client.obj
 0001:000448d0       _SaveClientData            200458d0 f   p_client.obj
 0001:000449c0       _SelectCoopSpawnPoint      200459c0 f   p_client.obj
 0001:00044a70       _SelectDeathmatchSpawnPoint 20045a70 f   p_client.obj
 0001:00044aa0       _SelectFarthestDeathmatchSpawnPoint 20045aa0 f   p_client.obj
 0001:00044b40       _SelectRandomDeathmatchSpawnPoint 20045b40 f   p_client.obj
 0001:00044c80       _SelectSpawnPoint          20045c80 f   p_client.obj
 0001:00044e90       _TossClientWeapon          20045e90 f   p_client.obj
 0001:00045120       _body_die                  20046120 f   p_client.obj
 0001:00045200       _player_die                20046200 f   p_client.obj
 0001:00045680       _player_pain               20046680 f   p_client.obj
 0001:00045690       _respawn                   20046690 f   p_client.obj
 0001:00045750       _spectator_respawn         20046750 f   p_client.obj
 0001:00045ac0       _BeginIntermission         20046ac0 f   p_hud.obj
 0001:00045e20       _Cmd_Help_f                20046e20 f   p_hud.obj
 0001:00045ee0       _Cmd_Score_f               20046ee0 f   p_hud.obj
 0001:00045f80       _DeathmatchScoreboard      20046f80 f   p_hud.obj
 0001:00045fc0       _DeathmatchScoreboardMessage 20046fc0 f   p_hud.obj
 0001:00046440       _G_CheckChaseStats         20047440 f   p_hud.obj
 0001:000464f0       _G_SetSpectatorStats       200474f0 f   p_hud.obj
 0001:00046630       _G_SetStats                20047630 f   p_hud.obj
 0001:00046dd0       _HelpComputer              20047dd0 f   p_hud.obj
 0001:00046ef0       _MoveClientToIntermission  20047ef0 f   p_hud.obj
 0001:000471f0       _PlayerTrail_Add           200481f0 f   p_trail.obj
 0001:000473b0       _PlayerTrail_Init          200483b0 f   p_trail.obj
 0001:00047430       _PlayerTrail_LastSpot      20048430 f   p_trail.obj
 0001:00047460       _PlayerTrail_New           20048460 f   p_trail.obj
 0001:00047490       _PlayerTrail_PickFirst     20048490 f   p_trail.obj
 0001:00047570       _PlayerTrail_PickNext      20048570 f   p_trail.obj
 0001:000475f0       _ClientEndServerFrame      200485f0 f   p_view.obj
 0001:00047c10       _G_SetClientEffects        20048c10 f   p_view.obj
 0001:00047db0       _G_SetClientEvent          20048db0 f   p_view.obj
 0001:00047e20       _G_SetClientFrame          20048e20 f   p_view.obj
 0001:00048070       _G_SetClientSound          20049070 f   p_view.obj
 0001:00048220       _P_DamageFeedback          20049220 f   p_view.obj
 0001:000489d0       _P_FallingDamage           200499d0 f   p_view.obj
 0001:00048d10       _P_WorldEffects            20049d10 f   p_view.obj
 0001:000496e0       _SV_AddBlend               2004a6e0 f   p_view.obj
 0001:00049820       _SV_CalcBlend              2004a820 f   p_view.obj
 0001:00049fe0       _SV_CalcGunOffset          2004afe0 f   p_view.obj
 0001:0004a340       _SV_CalcRoll               2004b340 f   p_view.obj
 0001:0004a460       _SV_CalcViewOffset         2004b460 f   p_view.obj
 0001:0004ac80       _Blaster_Fire              2004bc80 f   p_weapon.obj
 0001:0004aec0       _Chaingun_Fire             2004bec0 f   p_weapon.obj
 0001:0004b500       _ChangeWeapon              2004c500 f   p_weapon.obj
 0001:0004b740       _Drop_Weapon               2004c740 f   p_weapon.obj
 0001:0004b800       _Machinegun_Fire           2004c800 f   p_weapon.obj
 0001:0004bdc0       _NoAmmoWeaponChange        2004cdc0 f   p_weapon.obj
 0001:0004c0a0       _Null_Fire                 2004d0a0 f   p_weapon.obj
 0001:0004c480       _Pickup_Weapon             2004d480 f   p_weapon.obj
 0001:0004c6a0       _PlayerNoise               2004d6a0 f   p_weapon.obj
 0001:0004cb10       _Think_Weapon              2004db10 f   p_weapon.obj
 0001:0004cbe0       _Use_Weapon                2004dbe0 f   p_weapon.obj
 0001:0004ccf0       _Weapon_BFG                2004dcf0 f   p_weapon.obj
 0001:0004cd30       _Weapon_Blaster            2004dd30 f   p_weapon.obj
 0001:0004cd70       _Weapon_Blaster_Fire       2004dd70 f   p_weapon.obj
 0001:0004cde0       _Weapon_Chaingun           2004dde0 f   p_weapon.obj
 0001:0004ce20       _Weapon_Generic            2004de20 f   p_weapon.obj
 0001:0004d320       _Weapon_Grenade            2004e320 f   p_weapon.obj
 0001:0004d750       _Weapon_GrenadeLauncher    2004e750 f   p_weapon.obj
 0001:0004d790       _Weapon_HyperBlaster       2004e790 f   p_weapon.obj
 0001:0004d7d0       _Weapon_HyperBlaster_Fire  2004e7d0 f   p_weapon.obj
 0001:0004db50       _Weapon_Machinegun         2004eb50 f   p_weapon.obj
 0001:0004db90       _Weapon_Null               2004eb90 f   p_weapon.obj
 0001:0004dbd0       _Weapon_Railgun            2004ebd0 f   p_weapon.obj
 0001:0004dc10       _Weapon_RocketLauncher     2004ec10 f   p_weapon.obj
 0001:0004dc50       _Weapon_RocketLauncher_Fire 2004ec50 f   p_weapon.obj
 0001:0004dea0       _Weapon_Shotgun            2004eea0 f   p_weapon.obj
 0001:0004dee0       _Weapon_SuperShotgun       2004eee0 f   p_weapon.obj
 0001:0004df20       _weapon_bfg_fire           2004ef20 f   p_weapon.obj
 0001:0004e220       _weapon_grenade_fire       2004f220 f   p_weapon.obj
 0001:0004e480       _weapon_grenadelauncher_fire 2004f480 f   p_weapon.obj
 0001:0004e6a0       _weapon_railgun_fire       2004f6a0 f   p_weapon.obj
 0001:0004e8d0       _weapon_shotgun_fire       2004f8d0 f   p_weapon.obj
 0001:0004eb50       _weapon_supershotgun_fire  2004fb50 f   p_weapon.obj
 0001:0004ee60       _AddPointToBounds          2004fe60 f   q_shared.obj
 0001:0004eee0       _AngleVectors              2004fee0 f   q_shared.obj
 0001:0004f1f0       _BigFloat                  200501f0 f   q_shared.obj
 0001:0004f220       _BigLong                   20050220 f   q_shared.obj
 0001:0004f240       _BigShort                  20050240 f   q_shared.obj
 0001:0004f260       _BoxOnPlaneSide            20050260 f   q_shared.obj
 0001:0004f4e0       _BoxOnPlaneSide2           200504e0 f   q_shared.obj
 0001:0004f700       _COM_DefaultExtension      20050700 f   q_shared.obj
 0001:0004f770       _COM_FileBase              20050770 f   q_shared.obj
 0001:0004f830       _COM_FileExtension         20050830 f   q_shared.obj
 0001:0004f8e0       _COM_FilePath              200508e0 f   q_shared.obj
 0001:0004f950       _COM_Parse                 20050950 f   q_shared.obj
 0001:0004fb20       _COM_SkipPath              20050b20 f   q_shared.obj
 0001:0004fb70       _COM_StripExtension        20050b70 f   q_shared.obj
 0001:0004fbc0       _ClearBounds               20050bc0 f   q_shared.obj
 0001:0004fc60       _Com_PageInMemory          20050c60 f   q_shared.obj
 0001:0004fcb0       _Com_sprintf               20050cb0 f   q_shared.obj
 0001:0004fd40       _CrossProduct              20050d40 f   q_shared.obj
 0001:0004fe50       _FloatNoSwap               20050e50 f   q_shared.obj
 0001:0004fe70       _FloatSwap                 20050e70 f   q_shared.obj
 0001:0004fef0       _Info_RemoveKey            20050ef0 f   q_shared.obj
 0001:00050050       _Info_SetValueForKey       20051050 f   q_shared.obj
 0001:00050260       _Info_Validate             20051260 f   q_shared.obj
 0001:000502b0       _Info_ValueForKey          200512b0 f   q_shared.obj
 0001:00050420       _LerpAngle                 20051420 f   q_shared.obj
 0001:000504a0       _LittleFloat               200514a0 f   q_shared.obj
 0001:000504d0       _LittleLong                200514d0 f   q_shared.obj
 0001:000504f0       _LittleShort               200514f0 f   q_shared.obj
 0001:00050510       _LongNoSwap                20051510 f   q_shared.obj
 0001:00050530       _LongSwap                  20051530 f   q_shared.obj
 0001:000505a0       _PerpendicularVector       200515a0 f   q_shared.obj
 0001:000506c0       _ProjectPointOnPlane       200516c0 f   q_shared.obj
 0001:000508e0       _Q_fabs                    200518e0 f   q_shared.obj
 0001:00050910       _Q_ftol                    20051910 f   q_shared.obj
 0001:00050920       _Q_log2                    20051920 f   q_shared.obj
 0001:00050950       _Q_strcasecmp              20051950 f   q_shared.obj
 0001:00050980       _Q_stricmp                 20051980 f   q_shared.obj
 0001:000509a0       _Q_strncasecmp             200519a0 f   q_shared.obj
 0001:00050a40       _R_ConcatRotations         20051a40 f   q_shared.obj
 0001:00051060       _R_ConcatTransforms        20052060 f   q_shared.obj
 0001:000518d0       _RotatePointAroundVector   200528d0 f   q_shared.obj
 0001:00051e60       _ShortNoSwap               20052e60 f   q_shared.obj
 0001:00051e80       _ShortSwap                 20052e80 f   q_shared.obj
 0001:00051ec0       _Swap_Init                 20052ec0 f   q_shared.obj
 0001:00051f70       _VectorCompare             20052f70 f   q_shared.obj
 0001:00052000       _VectorInverse             20053000 f   q_shared.obj
 0001:00052090       _VectorLength              20053090 f   q_shared.obj
 0001:00052110       _VectorMA                  20053110 f   q_shared.obj
 0001:000521c0       _VectorNormalize           200531c0 f   q_shared.obj
 0001:000522f0       _VectorNormalize2          200532f0 f   q_shared.obj
 0001:00052420       _VectorScale               20053420 f   q_shared.obj
 0001:000524a0       __DotProduct               200534a0 f   q_shared.obj
 0001:00052520       __VectorAdd                20053520 f   q_shared.obj
 0001:000525c0       __VectorCopy               200535c0 f   q_shared.obj
 0001:00052630       __VectorSubtract           20053630 f   q_shared.obj
 0001:000526d0       _anglemod                  200536d0 f   q_shared.obj
 0001:00052710       _va                        20053710 f   q_shared.obj
 0001:00052750       _strcmp                    20053750 f   LIBCMTD:strcmp.obj
 0001:000527e0       _rand                      200537e0 f   LIBCMTD:rand.obj
 0001:00052820       _srand                     20053820 f   LIBCMTD:rand.obj
 0001:00052830       @__security_check_cookie@4 20053830 f   LIBCMTD:secchk.obj
 0001:00052840       __fpmath                   20053840 f   LIBCMTD:fpinit.obj
 0001:00052860       ___setfflag                20053860 f   LIBCMTD:fpinit.obj
 0001:00052880       __cfltcvt_init             20053880 f   LIBCMTD:fpinit.obj
 0001:00052940       ___raise_securityfailure   20053940 f   LIBCMTD:gs_report.obj
 0001:00052990       ___report_gsfailure        20053990 f   LIBCMTD:gs_report.obj
 0001:00052aa0       ___report_rangecheckfailure 20053aa0 f   LIBCMTD:gs_report.obj
 0001:00052ab0       ___report_securityfailure  20053ab0 f   LIBCMTD:gs_report.obj
 0001:00052b90       ___report_securityfailureEx 20053b90 f   LIBCMTD:gs_report.obj
 0001:00052cc0       __scprintf                 20053cc0 f   LIBCMTD:sprintf.obj
 0001:00052ce0       __scprintf_l               20053ce0 f   LIBCMTD:sprintf.obj
 0001:00052d10       __scprintf_p               20053d10 f   LIBCMTD:sprintf.obj
 0001:00052d30       __scprintf_p_l             20053d30 f   LIBCMTD:sprintf.obj
 0001:00052d60       __snprintf_s               20053d60 f   LIBCMTD:sprintf.obj
 0001:00052d90       __snprintf_s_l             20053d90 f   LIBCMTD:sprintf.obj
 0001:00052dc0       __sprintf_l                20053dc0 f   LIBCMTD:sprintf.obj
 0001:00052df0       __sprintf_p                20053df0 f   LIBCMTD:sprintf.obj
 0001:00052e20       __sprintf_p_l              20053e20 f   LIBCMTD:sprintf.obj
 0001:00052e50       __sprintf_s_l              20053e50 f   LIBCMTD:sprintf.obj
 0001:00052e80       _sprintf                   20053e80 f   LIBCMTD:sprintf.obj
 0001:00053040       _sprintf_s                 20054040 f   LIBCMTD:sprintf.obj
 0001:00053070       _strcpy                    20054070 f   LIBCMTD:strcat.obj
 0001:00053080       _strcat                    20054080 f   LIBCMTD:strcat.obj
 0001:00053170       _strlen                    20054170 f   LIBCMTD:strlen.obj
 0001:00053200       _strchr                    20054200 f   LIBCMTD:strchr.obj
 0001:0005326e       ___from_strstr_to_strchr   2005426e     LIBCMTD:strchr.obj
 0001:00053330       __atoi64                   20054330 f   LIBCMTD:atox.obj
 0001:00053350       __atoi64_l                 20054350 f   LIBCMTD:atox.obj
 0001:00053370       __atoi_l                   20054370 f   LIBCMTD:atox.obj
 0001:00053390       __atol_l                   20054390 f   LIBCMTD:atox.obj
 0001:000533b0       __atoll_l                  200543b0 f   LIBCMTD:atox.obj
 0001:000533d0       _atoi                      200543d0 f   LIBCMTD:atox.obj
 0001:000533f0       _atol                      200543f0 f   LIBCMTD:atox.obj
 0001:00053410       _atoll                     20054410 f   LIBCMTD:atox.obj
[...]
 0003:00012080       _DoubleFormat              200dd080     LIBCMTD:intrncvt.obj
 0003:00012098       _FloatFormat               200dd098     LIBCMTD:intrncvt.obj
 0003:00012560       ?value@?1??ClientTeam@@9@9 200dd560     g_cmds.obj
 0003:00012760       _jacket_armor_index        200dd760     g_items.obj
 0003:00012764       _combat_armor_index        200dd764     g_items.obj
 0003:00012768       _body_armor_index          200dd768     g_items.obj
 0003:0001276c       _power_screen_index        200dd76c     g_items.obj
 0003:00012770       _power_shield_index        200dd770     g_items.obj
 0003:00012774       _quad_drop_timeout_hack    200dd774     g_items.obj
 0003:00012778       _windsound                 200dd778     g_trigger.obj
 0003:00012780       ?index@?1??tv@@9@9         200dd780     g_utils.obj
 0003:00012784       ?index@?1??vtos@@9@9       200dd784     g_utils.obj
 0003:00012788       ?vecs@?1??tv@@9@9          200dd788     g_utils.obj
 0003:000127e8       ?str@?1??vtos@@9@9         200dd7e8     g_utils.obj
 0003:000128e8       _sound_pain                200dd8e8     m_berserk.obj
 0003:000128ec       _sound_die                 200dd8ec     m_berserk.obj
 0003:000128f0       _sound_idle                200dd8f0     m_berserk.obj
 0003:000128f4       _sound_punch               200dd8f4     m_berserk.obj
 0003:000128f8       _sound_sight               200dd8f8     m_berserk.obj
 0003:000128fc       _sound_search              200dd8fc     m_berserk.obj
 0003:00012900       _sound_pain1               200dd900     m_boss2.obj
 0003:00012904       _sound_pain2               200dd904     m_boss2.obj
 0003:00012908       _sound_pain3               200dd908     m_boss2.obj
 0003:0001290c       _sound_death               200dd90c     m_boss2.obj
 0003:00012910       _sound_search1             200dd910     m_boss2.obj
 0003:00012914       _sound_pain1               200dd914     m_boss31.obj
 0003:00012918       _sound_pain2               200dd918     m_boss31.obj
 0003:0001291c       _sound_pain3               200dd91c     m_boss31.obj
 0003:00012920       _sound_idle                200dd920     m_boss31.obj
 0003:00012924       _sound_death               200dd924     m_boss31.obj
 0003:00012928       _sound_search1             200dd928     m_boss31.obj
 0003:0001292c       _sound_search2             200dd92c     m_boss31.obj
 0003:00012930       _sound_search3             200dd930     m_boss31.obj
 0003:00012934       _sound_attack1             200dd934     m_boss31.obj
 0003:00012938       _sound_attack2             200dd938     m_boss31.obj
 0003:0001293c       _sound_firegun             200dd93c     m_boss31.obj
 0003:00012940       _sound_step_left           200dd940     m_boss31.obj
 0003:00012944       _sound_step_right          200dd944     m_boss31.obj
 0003:00012948       _sound_death_hit           200dd948     m_boss31.obj
 0003:0001294c       _sound_pain4               200dd94c     m_boss32.obj
 0003:00012950       _sound_pain5               200dd950     m_boss32.obj
 0003:00012954       _sound_pain6               200dd954     m_boss32.obj
 0003:00012958       _sound_death               200dd958     m_boss32.obj
 0003:0001295c       _sound_step_left           200dd95c     m_boss32.obj
 0003:00012960       _sound_step_right          200dd960     m_boss32.obj
 0003:00012964       _sound_attack_bfg          200dd964     m_boss32.obj
 0003:00012968       _sound_brainsplorch        200dd968     m_boss32.obj
 0003:0001296c       _sound_prerailgun          200dd96c     m_boss32.obj
 0003:00012970       _sound_popup               200dd970     m_boss32.obj
 0003:00012974       _sound_taunt1              200dd974     m_boss32.obj
 0003:00012978       _sound_taunt2              200dd978     m_boss32.obj
 0003:0001297c       _sound_taunt3              200dd97c     m_boss32.obj
 0003:00012980       _sound_hit                 200dd980     m_boss32.obj
 0003:00012984       _sound_chest_open          200dd984     m_brain.obj
 0003:00012988       _sound_tentacles_extend    200dd988     m_brain.obj
 0003:0001298c       _sound_tentacles_retract   200dd98c     m_brain.obj
 0003:00012990       _sound_death               200dd990     m_brain.obj
 0003:00012994       _sound_idle1               200dd994     m_brain.obj
 0003:00012998       _sound_idle2               200dd998     m_brain.obj
 0003:0001299c       _sound_idle3               200dd99c     m_brain.obj
 0003:000129a0       _sound_pain1               200dd9a0     m_brain.obj
 0003:000129a4       _sound_pain2               200dd9a4     m_brain.obj
 0003:000129a8       _sound_sight               200dd9a8     m_brain.obj
 0003:000129ac       _sound_search              200dd9ac     m_brain.obj
 0003:000129b0       _sound_melee1              200dd9b0     m_brain.obj
 0003:000129b4       _sound_melee2              200dd9b4     m_brain.obj
 0003:000129b8       _sound_melee3              200dd9b8     m_brain.obj
 0003:000129bc       _sound_missile_prelaunch   200dd9bc     m_chick.obj
 0003:000129c0       _sound_missile_launch      200dd9c0     m_chick.obj
 0003:000129c4       _sound_melee_swing         200dd9c4     m_chick.obj
 0003:000129c8       _sound_melee_hit           200dd9c8     m_chick.obj
 0003:000129cc       _sound_missile_reload      200dd9cc     m_chick.obj
 0003:000129d0       _sound_death1              200dd9d0     m_chick.obj
 0003:000129d4       _sound_death2              200dd9d4     m_chick.obj
 0003:000129d8       _sound_fall_down           200dd9d8     m_chick.obj
 0003:000129dc       _sound_idle1               200dd9dc     m_chick.obj
 0003:000129e0       _sound_idle2               200dd9e0     m_chick.obj
 0003:000129e4       _sound_pain1               200dd9e4     m_chick.obj
 0003:000129e8       _sound_pain2               200dd9e8     m_chick.obj
 0003:000129ec       _sound_pain3               200dd9ec     m_chick.obj
 0003:000129f0       _sound_sight               200dd9f0     m_chick.obj
 0003:000129f4       _sound_search              200dd9f4     m_chick.obj
 0003:000129f8       _sound_chomp               200dd9f8     m_flipper.obj
 0003:000129fc       _sound_attack              200dd9fc     m_flipper.obj
 0003:00012a00       _sound_pain1               200dda00     m_flipper.obj
 0003:00012a04       _sound_pain2               200dda04     m_flipper.obj
 0003:00012a08       _sound_death               200dda08     m_flipper.obj
 0003:00012a0c       _sound_idle                200dda0c     m_flipper.obj
 0003:00012a10       _sound_search              200dda10     m_flipper.obj
 0003:00012a14       _sound_sight               200dda14     m_flipper.obj
 0003:00012a18       _sound_attack2             200dda18     m_float.obj
 0003:00012a1c       _sound_attack3             200dda1c     m_float.obj
 0003:00012a20       _sound_death1              200dda20     m_float.obj
 0003:00012a24       _sound_idle                200dda24     m_float.obj
 0003:00012a28       _sound_pain1               200dda28     m_float.obj
 0003:00012a2c       _sound_pain2               200dda2c     m_float.obj
 0003:00012a30       _sound_sight               200dda30     m_float.obj
 0003:00012a34       _nextmove                  200dda34     m_flyer.obj
 0003:00012a38       _sound_sight               200dda38     m_flyer.obj
 0003:00012a3c       _sound_idle                200dda3c     m_flyer.obj
 0003:00012a40       _sound_pain1               200dda40     m_flyer.obj
 0003:00012a44       _sound_pain2               200dda44     m_flyer.obj
 0003:00012a48       _sound_slash               200dda48     m_flyer.obj
 0003:00012a4c       _sound_sproing             200dda4c     m_flyer.obj
 0003:00012a50       _sound_die                 200dda50     m_flyer.obj
 0003:00012a54       _sound_pain1               200dda54     m_gladiator.obj
 0003:00012a58       _sound_pain2               200dda58     m_gladiator.obj
 0003:00012a5c       _sound_die                 200dda5c     m_gladiator.obj
 0003:00012a60       _sound_gun                 200dda60     m_gladiator.obj
 0003:00012a64       _sound_cleaver_swing       200dda64     m_gladiator.obj
 0003:00012a68       _sound_cleaver_hit         200dda68     m_gladiator.obj
 0003:00012a6c       _sound_cleaver_miss        200dda6c     m_gladiator.obj
 0003:00012a70       _sound_idle                200dda70     m_gladiator.obj
 0003:00012a74       _sound_search              200dda74     m_gladiator.obj
 0003:00012a78       _sound_sight               200dda78     m_gladiator.obj
 0003:00012a7c       _sound_pain                200dda7c     m_gunner.obj
 0003:00012a80       _sound_pain2               200dda80     m_gunner.obj
 0003:00012a84       _sound_death               200dda84     m_gunner.obj
 0003:00012a88       _sound_idle                200dda88     m_gunner.obj
 0003:00012a8c       _sound_open                200dda8c     m_gunner.obj
 0003:00012a90       _sound_search              200dda90     m_gunner.obj
 0003:00012a94       _sound_sight               200dda94     m_gunner.obj
 0003:00012a98       _sound_pain1               200dda98     m_hover.obj
 0003:00012a9c       _sound_pain2               200dda9c     m_hover.obj
 0003:00012aa0       _sound_death1              200ddaa0     m_hover.obj
 0003:00012aa4       _sound_death2              200ddaa4     m_hover.obj
 0003:00012aa8       _sound_sight               200ddaa8     m_hover.obj
 0003:00012aac       _sound_search1             200ddaac     m_hover.obj
 0003:00012ab0       _sound_search2             200ddab0     m_hover.obj
 0003:00012ab4       _sound_pain1               200ddab4     m_infantry.obj
 0003:00012ab8       _sound_pain2               200ddab8     m_infantry.obj
 0003:00012abc       _sound_die1                200ddabc     m_infantry.obj
 0003:00012ac0       _sound_die2                200ddac0     m_infantry.obj
 0003:00012ac4       _sound_gunshot             200ddac4     m_infantry.obj
 0003:00012ac8       _sound_weapon_cock         200ddac8     m_infantry.obj
 0003:00012acc       _sound_punch_swing         200ddacc     m_infantry.obj
 0003:00012ad0       _sound_punch_hit           200ddad0     m_infantry.obj
 0003:00012ad4       _sound_sight               200ddad4     m_infantry.obj
 0003:00012ad8       _sound_search              200ddad8     m_infantry.obj
 0003:00012adc       _sound_idle                200ddadc     m_infantry.obj
 0003:00012ae0       _sound_fist                200ddae0     m_insane.obj
 0003:00012ae4       _sound_shake               200ddae4     m_insane.obj
 0003:00012ae8       _sound_moan                200ddae8     m_insane.obj
 0003:00012aec       _sound_scream              200ddaec     m_insane.obj
 0003:00012b0c       _sound_idle1               200ddb0c     m_medic.obj
 0003:00012b10       _sound_pain1               200ddb10     m_medic.obj
 0003:00012b14       _sound_pain2               200ddb14     m_medic.obj
 0003:00012b18       _sound_die                 200ddb18     m_medic.obj
 0003:00012b1c       _sound_sight               200ddb1c     m_medic.obj
 0003:00012b20       _sound_search              200ddb20     m_medic.obj
 0003:00012b24       _sound_hook_launch         200ddb24     m_medic.obj
 0003:00012b28       _sound_hook_hit            200ddb28     m_medic.obj
 0003:00012b2c       _sound_hook_heal           200ddb2c     m_medic.obj
 0003:00012b30       _sound_hook_retract        200ddb30     m_medic.obj
 0003:00012b34       _sound_swing               200ddb34     m_mutant.obj
 0003:00012b38       _sound_hit                 200ddb38     m_mutant.obj
 0003:00012b3c       _sound_hit2                200ddb3c     m_mutant.obj
 0003:00012b40       _sound_death               200ddb40     m_mutant.obj
 0003:00012b44       _sound_idle                200ddb44     m_mutant.obj
 0003:00012b48       _sound_pain1               200ddb48     m_mutant.obj
 0003:00012b4c       _sound_pain2               200ddb4c     m_mutant.obj
 0003:00012b50       _sound_sight               200ddb50     m_mutant.obj
 0003:00012b54       _sound_search              200ddb54     m_mutant.obj
 0003:00012b58       _sound_step1               200ddb58     m_mutant.obj
 0003:00012b5c       _sound_step2               200ddb5c     m_mutant.obj
 0003:00012b60       _sound_step3               200ddb60     m_mutant.obj
 0003:00012b64       _sound_thud                200ddb64     m_mutant.obj
 0003:00012b68       _sound_pain1               200ddb68     m_parasite.obj
 0003:00012b6c       _sound_pain2               200ddb6c     m_parasite.obj
 0003:00012b70       _sound_die                 200ddb70     m_parasite.obj
 0003:00012b74       _sound_launch              200ddb74     m_parasite.obj
 0003:00012b78       _sound_impact              200ddb78     m_parasite.obj
 0003:00012b7c       _sound_suck                200ddb7c     m_parasite.obj
 0003:00012b80       _sound_reelin              200ddb80     m_parasite.obj
 0003:00012b84       _sound_sight               200ddb84     m_parasite.obj
 0003:00012b88       _sound_tap                 200ddb88     m_parasite.obj
 0003:00012b8c       _sound_scratch             200ddb8c     m_parasite.obj
 0003:00012b90       _sound_search              200ddb90     m_parasite.obj
 0003:00012b94       _sound_idle                200ddb94     m_soldier.obj
 0003:00012b98       _sound_sight1              200ddb98     m_soldier.obj
 0003:00012b9c       _sound_sight2              200ddb9c     m_soldier.obj
 0003:00012ba0       _sound_pain_light          200ddba0     m_soldier.obj
 0003:00012ba4       _sound_pain                200ddba4     m_soldier.obj
 0003:00012ba8       _sound_pain_ss             200ddba8     m_soldier.obj
 0003:00012bac       _sound_death_light         200ddbac     m_soldier.obj
 0003:00012bb0       _sound_death               200ddbb0     m_soldier.obj
 0003:00012bb4       _sound_death_ss            200ddbb4     m_soldier.obj
 0003:00012bb8       _sound_cock                200ddbb8     m_soldier.obj
 0003:00012bbc       _sound_pain1               200ddbbc     m_supertank.obj
 0003:00012bc0       _sound_pain2               200ddbc0     m_supertank.obj
 0003:00012bc4       _sound_pain3               200ddbc4     m_supertank.obj
 0003:00012bc8       _sound_death               200ddbc8     m_supertank.obj
 0003:00012bcc       _sound_search1             200ddbcc     m_supertank.obj
 0003:00012bd0       _sound_search2             200ddbd0     m_supertank.obj
 0003:00012bd4       _tread_sound               200ddbd4     m_supertank.obj
 0003:00012bd8       _sound_thud                200ddbd8     m_tank.obj
 0003:00012bdc       _sound_pain                200ddbdc     m_tank.obj
 0003:00012be0       _sound_idle                200ddbe0     m_tank.obj
 0003:00012be4       _sound_die                 200ddbe4     m_tank.obj
 0003:00012be8       _sound_step                200ddbe8     m_tank.obj
 0003:00012bec       _sound_sight               200ddbec     m_tank.obj
 0003:00012bf0       _sound_windup              200ddbf0     m_tank.obj
 0003:00012bf4       _sound_strike              200ddbf4     m_tank.obj
 0003:00012bf8       ?i@?8??player_die@@9@9     200ddbf8     p_client.obj
 0003:00012c00       _current_player            200ddc00     p_view.obj
 0003:00012c04       _current_client            200ddc04     p_view.obj
 0003:00012c08       _forward                   200ddc08     p_view.obj
 0003:00012c14       _right                     200ddc14     p_view.obj
 0003:00012c20       _up                        200ddc20     p_view.obj
 0003:00012c2c       ?i@?2??P_DamageFeedback@@9@9 200ddc2c     p_view.obj
 0003:00012c30       ?pause_frames@?1??Weapon_HyperBlaster@@9@9 200ddc30     p_weapon.obj
 0003:00012c34       _is_quad                   200ddc34     p_weapon.obj
 0003:00012c38       _is_silenced               200ddc38     p_weapon.obj
 0003:00012c4c       ?sr@?1??AngleVectors@@9@9  200ddc4c     q_shared.obj
 0003:00012c50       ?sp@?1??AngleVectors@@9@9  200ddc50     q_shared.obj
 0003:00012c54       ?sy@?1??AngleVectors@@9@9  200ddc54     q_shared.obj
 0003:00012c58       ?cr@?1??AngleVectors@@9@9  200ddc58     q_shared.obj
 0003:00012c5c       ?cp@?1??AngleVectors@@9@9  200ddc5c     q_shared.obj
 0003:00012c60       ?cy@?1??AngleVectors@@9@9  200ddc60     q_shared.obj
 0003:00012c64       ?tmp@?1??Q_ftol@@9@9       200ddc64     q_shared.obj
 0003:00012c68       ?bops_initialized@?1??BoxOnPlaneSide@@9@9 200ddc68     q_shared.obj
 0003:00012c6c       ?Ljmptab@?1??BoxOnPlaneSide@@9@9 200ddc6c     q_shared.obj
 0003:00012c8c       ?exten@?1??COM_FileExtension@@9@9 200ddc8c     q_shared.obj
 0003:00012c94       ?valueindex@?1??Info_ValueForKey@@9@9 200ddc94     q_shared.obj
 0003:00012c98       ?string@?1??va@@9@9        200ddc98     q_shared.obj
 0003:00013098       ?value@?1??Info_ValueForKey@@9@9 200de098     q_shared.obj
 0003:000134a0       _GS_ExceptionRecord        200de4a0     LIBCMTD:gs_report.obj
 0003:000134f0       _GS_ContextRecord          200de4f0     LIBCMTD:gs_report.obj
 0003:000137bc       _DebuggerWasPresent        200de7bc     LIBCMTD:gs_report.obj
 0003:000137c0       ___proc_attached           200de7c0     LIBCMTD:dllcrt0.obj
 0003:000137d8       __pmatherr_set             200de7d8     LIBCMTD:libm_error.obj
 0003:000137e0       _check_frequency           200de7e0     LIBCMTD:dbgheap.obj
 0003:000137e8       _check_counter             200de7e8     LIBCMTD:dbgheap.obj
 0003:000137ec       __lTotalAlloc              200de7ec     LIBCMTD:dbgheap.obj
 0003:000137f0       __lCurAlloc                200de7f0     LIBCMTD:dbgheap.obj
 0003:000137f4       __lMaxAlloc                200de7f4     LIBCMTD:dbgheap.obj
 0003:000137f8       __pFirstBlock              200de7f8     LIBCMTD:dbgheap.obj
 0003:000137fc       __pLastBlock               200de7fc     LIBCMTD:dbgheap.obj
 0003:00013800       _lastTZ                    200de800     LIBCMTD:tzset.obj
 0003:00013804       ?first_time@?1??__tzset@@9@9 200de804     LIBCMTD:tzset.obj
 0003:00013808       _tzapiused                 200de808     LIBCMTD:tzset.obj
 0003:00013810       _tzinfo                    200de810     LIBCMTD:tzset.obj
 0003:000138d8       _fSystemSet                200de8d8     LIBCMTD:mbctype.obj
 0003:00013a28       ?_pgmname@?1??_setargv@@9@9 200dea28     LIBCMTD:stdargv.obj
 0003:00013b30       _lclcritsects              200deb30     LIBCMTD:mlock.obj
 0003:00013c9c       _ctrlc_action              200dec9c     LIBCMTD:winsig.obj
 0003:00013ca0       _ctrlbreak_action          200deca0     LIBCMTD:winsig.obj
 0003:00013ca4       _abort_action              200deca4     LIBCMTD:winsig.obj
 0003:00013ca8       _term_action               200deca8     LIBCMTD:winsig.obj
 0003:00013cac       _ConsoleCtrlHandler_Installed 200decac     LIBCMTD:winsig.obj
 0003:00013cb0       ?pfnMessageBox@?1??__crtMessageBoxW@@9@9 200decb0     LIBCMTD:crtmboxw.obj
 0003:00013cb4       ?pfnGetActiveWindow@?1??__crtMessageBoxW@@9@9 200decb4     LIBCMTD:crtmboxw.obj
 0003:00013cb8       ?pfnGetLastActivePopup@?1??__crtMessageBoxW@@9@9 200decb8     LIBCMTD:crtmboxw.obj
 0003:00013cbc       ?pfnGetProcessWindowStation@?1??__crtMessageBoxW@@9@9 200decbc     LIBCMTD:crtmboxw.obj
 0003:00013cc0       ?pfnGetUserObjectInformation@?1??__crtMessageBoxW@@9@9 200decc0     LIBCMTD:crtmboxw.obj
 0003:00013cc4       ___enable_percent_n        200decc4     LIBCMTD:printf.obj
 0003:00013cdc       ___crtCallProc             200decdc     LIBCMTD:winapinls.obj
 0003:00013ce8       ?outmsg@?L@??_NMSG_WRITE@@9@9 200dece8     LIBCMTD:crt0msg.obj
 0003:00014318       _g_pfnRtlGenRandom         200df318     LIBCMTD:rand_s.obj
 0003:00014324       ___type_info_root_node     200df324     LIBCMTD:typname.obj
 0003:00014358       _heap                      200df358     LIBCMTD:undname.obj
 0003:00014370       ?buf@?1??dbGetString@DName@@QBEPADXZ@4PADA 200df370     LIBCMTD:undname.obj
 0004:00000060       $R000000                   200eb060     * linker generated manifest res *
